Archive member included to satisfy reference by file (symbol)

C:/ST/STM32CubeIDE_1.18.1/STM32CubeIDE/plugins/com.st.stm32cube.ide.mcu.externaltools.gnu-tools-for-stm32.13.3.rel1.win32_1.0.0.202411081344/tools/bin/../lib/gcc/arm-none-eabi/13.3.1/../../../../arm-none-eabi/lib/thumb/v7-m/nofp\libc_nano.a(libc_a-exit.o)
                              C:/ST/STM32CubeIDE_1.18.1/STM32CubeIDE/plugins/com.st.stm32cube.ide.mcu.externaltools.gnu-tools-for-stm32.13.3.rel1.win32_1.0.0.202411081344/tools/bin/../lib/gcc/arm-none-eabi/13.3.1/../../../../arm-none-eabi/lib/thumb/v7-m/nofp/crt0.o (exit)
C:/ST/STM32CubeIDE_1.18.1/STM32CubeIDE/plugins/com.st.stm32cube.ide.mcu.externaltools.gnu-tools-for-stm32.13.3.rel1.win32_1.0.0.202411081344/tools/bin/../lib/gcc/arm-none-eabi/13.3.1/../../../../arm-none-eabi/lib/thumb/v7-m/nofp\libc_nano.a(libc_a-findfp.o)
                              C:/ST/STM32CubeIDE_1.18.1/STM32CubeIDE/plugins/com.st.stm32cube.ide.mcu.externaltools.gnu-tools-for-stm32.13.3.rel1.win32_1.0.0.202411081344/tools/bin/../lib/gcc/arm-none-eabi/13.3.1/../../../../arm-none-eabi/lib/thumb/v7-m/nofp\libc_nano.a(libc_a-exit.o) (__stdio_exit_handler)
C:/ST/STM32CubeIDE_1.18.1/STM32CubeIDE/plugins/com.st.stm32cube.ide.mcu.externaltools.gnu-tools-for-stm32.13.3.rel1.win32_1.0.0.202411081344/tools/bin/../lib/gcc/arm-none-eabi/13.3.1/../../../../arm-none-eabi/lib/thumb/v7-m/nofp\libc_nano.a(libc_a-fwalk.o)
                              C:/ST/STM32CubeIDE_1.18.1/STM32CubeIDE/plugins/com.st.stm32cube.ide.mcu.externaltools.gnu-tools-for-stm32.13.3.rel1.win32_1.0.0.202411081344/tools/bin/../lib/gcc/arm-none-eabi/13.3.1/../../../../arm-none-eabi/lib/thumb/v7-m/nofp\libc_nano.a(libc_a-findfp.o) (_fwalk_sglue)
C:/ST/STM32CubeIDE_1.18.1/STM32CubeIDE/plugins/com.st.stm32cube.ide.mcu.externaltools.gnu-tools-for-stm32.13.3.rel1.win32_1.0.0.202411081344/tools/bin/../lib/gcc/arm-none-eabi/13.3.1/../../../../arm-none-eabi/lib/thumb/v7-m/nofp\libc_nano.a(libc_a-stdio.o)
                              C:/ST/STM32CubeIDE_1.18.1/STM32CubeIDE/plugins/com.st.stm32cube.ide.mcu.externaltools.gnu-tools-for-stm32.13.3.rel1.win32_1.0.0.202411081344/tools/bin/../lib/gcc/arm-none-eabi/13.3.1/../../../../arm-none-eabi/lib/thumb/v7-m/nofp\libc_nano.a(libc_a-findfp.o) (__sread)
C:/ST/STM32CubeIDE_1.18.1/STM32CubeIDE/plugins/com.st.stm32cube.ide.mcu.externaltools.gnu-tools-for-stm32.13.3.rel1.win32_1.0.0.202411081344/tools/bin/../lib/gcc/arm-none-eabi/13.3.1/../../../../arm-none-eabi/lib/thumb/v7-m/nofp\libc_nano.a(libc_a-memset.o)
                              C:/ST/STM32CubeIDE_1.18.1/STM32CubeIDE/plugins/com.st.stm32cube.ide.mcu.externaltools.gnu-tools-for-stm32.13.3.rel1.win32_1.0.0.202411081344/tools/bin/../lib/gcc/arm-none-eabi/13.3.1/../../../../arm-none-eabi/lib/thumb/v7-m/nofp/crt0.o (memset)
C:/ST/STM32CubeIDE_1.18.1/STM32CubeIDE/plugins/com.st.stm32cube.ide.mcu.externaltools.gnu-tools-for-stm32.13.3.rel1.win32_1.0.0.202411081344/tools/bin/../lib/gcc/arm-none-eabi/13.3.1/../../../../arm-none-eabi/lib/thumb/v7-m/nofp\libc_nano.a(libc_a-closer.o)
                              C:/ST/STM32CubeIDE_1.18.1/STM32CubeIDE/plugins/com.st.stm32cube.ide.mcu.externaltools.gnu-tools-for-stm32.13.3.rel1.win32_1.0.0.202411081344/tools/bin/../lib/gcc/arm-none-eabi/13.3.1/../../../../arm-none-eabi/lib/thumb/v7-m/nofp\libc_nano.a(libc_a-stdio.o) (_close_r)
C:/ST/STM32CubeIDE_1.18.1/STM32CubeIDE/plugins/com.st.stm32cube.ide.mcu.externaltools.gnu-tools-for-stm32.13.3.rel1.win32_1.0.0.202411081344/tools/bin/../lib/gcc/arm-none-eabi/13.3.1/../../../../arm-none-eabi/lib/thumb/v7-m/nofp\libc_nano.a(libc_a-reent.o)
                              C:/ST/STM32CubeIDE_1.18.1/STM32CubeIDE/plugins/com.st.stm32cube.ide.mcu.externaltools.gnu-tools-for-stm32.13.3.rel1.win32_1.0.0.202411081344/tools/bin/../lib/gcc/arm-none-eabi/13.3.1/../../../../arm-none-eabi/lib/thumb/v7-m/nofp\libc_nano.a(libc_a-closer.o) (errno)
C:/ST/STM32CubeIDE_1.18.1/STM32CubeIDE/plugins/com.st.stm32cube.ide.mcu.externaltools.gnu-tools-for-stm32.13.3.rel1.win32_1.0.0.202411081344/tools/bin/../lib/gcc/arm-none-eabi/13.3.1/../../../../arm-none-eabi/lib/thumb/v7-m/nofp\libc_nano.a(libc_a-impure.o)
                              C:/ST/STM32CubeIDE_1.18.1/STM32CubeIDE/plugins/com.st.stm32cube.ide.mcu.externaltools.gnu-tools-for-stm32.13.3.rel1.win32_1.0.0.202411081344/tools/bin/../lib/gcc/arm-none-eabi/13.3.1/../../../../arm-none-eabi/lib/thumb/v7-m/nofp\libc_nano.a(libc_a-reent.o) (_impure_ptr)
C:/ST/STM32CubeIDE_1.18.1/STM32CubeIDE/plugins/com.st.stm32cube.ide.mcu.externaltools.gnu-tools-for-stm32.13.3.rel1.win32_1.0.0.202411081344/tools/bin/../lib/gcc/arm-none-eabi/13.3.1/../../../../arm-none-eabi/lib/thumb/v7-m/nofp\libc_nano.a(libc_a-lseekr.o)
[...]
Memory Configuration

Name             Origin             Length             Attributes
RAM              0x20000000         0x00005000         xrw
FLASH            0x08000000         0x00010000         xr
*default*        0x00000000         0xffffffff

Linker script and memory map

LOAD C:/ST/STM32CubeIDE_1.18.1/STM32CubeIDE/plugins/com.st.stm32cube.ide.mcu.externaltools.gnu-tools-for-stm32.13.3.rel1.win32_1.0.0.202411081344/tools/bin/../lib/gcc/arm-none-eabi/13.3.1/thumb/v7-m/nofp/crti.o
LOAD C:/ST/STM32CubeIDE_1.18.1/STM32CubeIDE/plugins/com.st.stm32cube.ide.mcu.externaltools.gnu-tools-for-stm32.13.3.rel1.win32_1.0.0.202411081344/tools/bin/../lib/gcc/arm-none-eabi/13.3.1/thumb/v7-m/nofp/crtbegin.o
LOAD C:/ST/STM32CubeIDE_1.18.1/STM32CubeIDE/plugins/com.st.stm32cube.ide.mcu.externaltools.gnu-tools-for-stm32.13.3.rel1.win32_1.0.0.202411081344/tools/bin/../lib/gcc/arm-none-eabi/13.3.1/../../../../arm-none-eabi/lib/thumb/v7-m/nofp/crt0.o
LOAD ./Core/Src/main.o
LOAD ./Core/Src/stm32f1xx_hal_msp.o
LOAD ./Core/Src/stm32f1xx_it.o
LOAD ./Core/Src/syscalls.o
LOAD ./Core/Src/sysmem.o
LOAD ./Core/Src/system_stm32f1xx.o
LOAD ./Core/Startup/startup_stm32f103c8tx.o
LOAD ./Drivers/STM32F1xx_HAL_Driver/Src/stm32f1xx_hal.o
LOAD ./Drivers/STM32F1xx_HAL_Driver/Src/stm32f1xx_hal_adc.o
LOAD ./Drivers/STM32F1xx_HAL_Driver/Src/stm32f1xx_hal_adc_ex.o
LOAD ./Drivers/STM32F1xx_HAL_Driver/Src/stm32f1xx_hal_cortex.o
LOAD ./Drivers/STM32F1xx_HAL_Driver/Src/stm32f1xx_hal_dma.o
LOAD ./Drivers/STM32F1xx_HAL_Driver/Src/stm32f1xx_hal_exti.o
LOAD ./Drivers/STM32F1xx_HAL_Driver/Src/stm32f1xx_hal_flash.o
LOAD ./Drivers/STM32F1xx_HAL_Driver/Src/stm32f1xx_hal_flash_ex.o
LOAD ./Drivers/STM32F1xx_HAL_Driver/Src/stm32f1xx_hal_gpio.o
LOAD ./Drivers/STM32F1xx_HAL_Driver/Src/stm32f1xx_hal_gpio_ex.o
LOAD ./Drivers/STM32F1xx_HAL_Driver/Src/stm32f1xx_hal_pcd.o
LOAD ./Drivers/STM32F1xx_HAL_Driver/Src/stm32f1xx_hal_pcd_ex.o
LOAD ./Drivers/STM32F1xx_HAL_Driver/Src/stm32f1xx_hal_pwr.o
LOAD ./Drivers/STM32F1xx_HAL_Driver/Src/stm32f1xx_hal_rcc.o
LOAD ./Drivers/STM32F1xx_HAL_Driver/Src/stm32f1xx_hal_rcc_ex.o
LOAD ./Drivers/STM32F1xx_HAL_Driver/Src/stm32f1xx_ll_usb.o
LOAD ./Middlewares/ST/STM32_USB_Device_Library/Class/CDC/Src/usbd_cdc.o
LOAD ./Middlewares/ST/STM32_USB_Device_Library/Core/Src/usbd_core.o
LOAD ./Middlewares/ST/STM32_USB_Device_Library/Core/Src/usbd_ctlreq.o
LOAD ./Middlewares/ST/STM32_USB_Device_Library/Core/Src/usbd_ioreq.o
LOAD ./USB_DEVICE/App/usb_device.o
LOAD ./USB_DEVICE/App/usbd_cdc_if.o
LOAD ./USB_DEVICE/App/usbd_desc.o
LOAD ./USB_DEVICE/Target/usbd_conf.o
START GROUP
LOAD C:/ST/STM32CubeIDE_1.18.1/STM32CubeIDE/plugins/com.st.stm32cube.ide.mcu.externaltools.gnu-tools-for-stm32.13.3.rel1.win32_1.0.0.202411081344/tools/bin/../lib/gcc/arm-none-eabi/13.3.1/../../../../arm-none-eabi/lib/thumb/v7-m/nofp\libc_nano.a
LOAD C:/ST/STM32CubeIDE_1.18.1/STM32CubeIDE/plugins/com.st.stm32cube.ide.mcu.externaltools.gnu-tools-for-stm32.13.3.rel1.win32_1.0.0.202411081344/tools/bin/../lib/gcc/arm-none-eabi/13.3.1/../../../../arm-none-eabi/lib/thumb/v7-m/nofp\libm.a
END GROUP
START GROUP
LOAD C:/ST/STM32CubeIDE_1.18.1/STM32CubeIDE/plugins/com.st.stm32cube.ide.mcu.externaltools.gnu-tools-for-stm32.13.3.rel1.win32_1.0.0.202411081344/tools/bin/../lib/gcc/arm-none-eabi/13.3.1/thumb/v7-m/nofp\libgcc.a
LOAD C:/ST/STM32CubeIDE_1.18.1/STM32CubeIDE/plugins/com.st.stm32cube.ide.mcu.externaltools.gnu-tools-for-stm32.13.3.rel1.win32_1.0.0.202411081344/tools/bin/../lib/gcc/arm-none-eabi/13.3.1/../../../../arm-none-eabi/lib/thumb/v7-m/nofp\libc_nano.a
END GROUP
START GROUP
LOAD C:/ST/STM32CubeIDE_1.18.1/STM32CubeIDE/plugins/com.st.stm32cube.ide.mcu.externaltools.gnu-tools-for-stm32.13.3.rel1.win32_1.0.0.202411081344/tools/bin/../lib/gcc/arm-none-eabi/13.3.1/thumb/v7-m/nofp\libgcc.a
LOAD C:/ST/STM32CubeIDE_1.18.1/STM32CubeIDE/plugins/com.st.stm32cube.ide.mcu.externaltools.gnu-tools-for-stm32.13.3.rel1.win32_1.0.0.202411081344/tools/bin/../lib/gcc/arm-none-eabi/13.3.1/../../../../arm-none-eabi/lib/thumb/v7-m/nofp\libc_nano.a
LOAD C:/ST/STM32CubeIDE_1.18.1/STM32CubeIDE/plugins/com.st.stm32cube.ide.mcu.externaltools.gnu-tools-for-stm32.13.3.rel1.win32_1.0.0.202411081344/tools/bin/../lib/gcc/arm-none-eabi/13.3.1/../../../../arm-none-eabi/lib/thumb/v7-m/nofp\libnosys.a
END GROUP
START GROUP
LOAD C:/ST/STM32CubeIDE_1.18.1/STM32CubeIDE/plugins/com.st.stm32cube.ide.mcu.externaltools.gnu-tools-for-stm32.13.3.rel1.win32_1.0.0.202411081344/tools/bin/../lib/gcc/arm-none-eabi/13.3.1/thumb/v7-m/nofp\libgcc.a
LOAD C:/ST/STM32CubeIDE_1.18.1/STM32CubeIDE/plugins/com.st.stm32cube.ide.mcu.externaltools.gnu-tools-for-stm32.13.3.rel1.win32_1.0.0.202411081344/tools/bin/../lib/gcc/arm-none-eabi/13.3.1/../../../../arm-none-eabi/lib/thumb/v7-m/nofp\libc_nano.a
LOAD C:/ST/STM32CubeIDE_1.18.1/STM32CubeIDE/plugins/com.st.stm32cube.ide.mcu.externaltools.gnu-tools-for-stm32.13.3.rel1.win32_1.0.0.202411081344/tools/bin/../lib/gcc/arm-none-eabi/13.3.1/../../../../arm-none-eabi/lib/thumb/v7-m/nofp\libnosys.a
END GROUP
LOAD C:/ST/STM32CubeIDE_1.18.1/STM32CubeIDE/plugins/com.st.stm32cube.ide.mcu.externaltools.gnu-tools-for-stm32.13.3.rel1.win32_1.0.0.202411081344/tools/bin/../lib/gcc/arm-none-eabi/13.3.1/thumb/v7-m/nofp/crtend.o
LOAD C:/ST/STM32CubeIDE_1.18.1/STM32CubeIDE/plugins/com.st.stm32cube.ide.mcu.externaltools.gnu-tools-for-stm32.13.3.rel1.win32_1.0.0.202411081344/tools/bin/../lib/gcc/arm-none-eabi/13.3.1/thumb/v7-m/nofp/crtn.o
                0x20005000                        _estack = (ORIGIN (RAM) + LENGTH (RAM))
                0x00000200                        _Min_Heap_Size = 0x200
                0x00000400                        _Min_Stack_Size = 0x400

.isr_vector     0x08000000      0x10c
                0x08000000                        . = ALIGN (0x4)
 *(.isr_vector)
 .isr_vector    0x08000000      0x10c ./Core/Startup/startup_stm32f103c8tx.o
                0x08000000                g_pfnVectors
                0x0800010c                        . = ALIGN (0x4)

.text           0x0800010c     0x8220
                0x0800010c                        . = ALIGN (0x4)
 *(.text)
 .text          0x0800010c       0x40 C:/ST/STM32CubeIDE_1.18.1/STM32CubeIDE/plugins/com.st.stm32cube.ide.mcu.externaltools.gnu-tools-for-stm32.13.3.rel1.win32_1.0.0.202411081344/tools/bin/../lib/gcc/arm-none-eabi/13.3.1/thumb/v7-m/nofp/crtbegin.o
 .text          0x0800014c       0x14 C:/ST/STM32CubeIDE_1.18.1/STM32CubeIDE/plugins/com.st.stm32cube.ide.mcu.externaltools.gnu-tools-for-stm32.13.3.rel1.win32_1.0.0.202411081344/tools/bin/../lib/gcc/arm-none-eabi/13.3.1/../../../../arm-none-eabi/lib/thumb/v7-m/nofp\libc_nano.a(libc_a-strcmp.o)
                0x0800014c                strcmp
 *(.text*)
 .text.DWT_Init
                0x08000160       0x34 ./Core/Src/main.o
                0x08000160                DWT_Init
 .text.DWT_GetMicros
                0x08000194       0x2c ./Core/Src/main.o
                0x08000194                DWT_GetMicros
 .text.DWT_GetDeltaMicros
                0x080001c0       0x2c ./Core/Src/main.o
                0x080001c0                DWT_GetDeltaMicros
 .text.send_adc_data
                0x080001ec       0x80 ./Core/Src/main.o
                0x080001ec                send_adc_data
 .text.HAL_ADC_ConvCpltCallback
                0x0800026c       0x1c ./Core/Src/main.o
                0x0800026c                HAL_ADC_ConvCpltCallback
 .text.My_USB_RxHandler
                0x08000288       0x5c ./Core/Src/main.o
                0x08000288                My_USB_RxHandler
 .text.main     0x080002e4       0xc4 ./Core/Src/main.o
                0x080002e4                main
 .text.SystemClock_Config
                0x080003a8       0xba ./Core/Src/main.o
                0x080003a8                SystemClock_Config
 *fill*         0x08000462        0x2 
 .text.MX_ADC1_Init
                0x08000464       0x4c ./Core/Src/main.o
 .text.MX_DMA_Init
                0x080004b0       0x3c ./Core/Src/main.o
 .text.MX_GPIO_Init
                0x080004ec       0x98 ./Core/Src/main.o
 .text.Error_Handler
                0x08000584        0xc ./Core/Src/main.o
                0x08000584                Error_Handler
 .text.HAL_MspInit
                0x08000590       0x64 ./Core/Src/stm32f1xx_hal_msp.o
                0x08000590                HAL_MspInit
 .text.HAL_ADC_MspInit
                0x080005f4       0xd4 ./Core/Src/stm32f1xx_hal_msp.o
                0x080005f4                HAL_ADC_MspInit
 .text.NMI_Handler
                0x080006c8        0x8 ./Core/Src/stm32f1xx_it.o
                0x080006c8                NMI_Handler
 .text.HardFault_Handler
                0x080006d0        0x8 ./Core/Src/stm32f1xx_it.o
                0x080006d0                HardFault_Handler
 .text.MemManage_Handler
                0x080006d8        0x8 ./Core/Src/stm32f1xx_it.o
                0x080006d8                MemManage_Handler
 .text.BusFault_Handler
                0x080006e0        0x8 ./Core/Src/stm32f1xx_it.o
                0x080006e0                BusFault_Handler
 .text.UsageFault_Handler
                0x080006e8        0x8 ./Core/Src/stm32f1xx_it.o
                0x080006e8                UsageFault_Handler
 .text.SVC_Handler
                0x080006f0        0xc ./Core/Src/stm32f1xx_it.o
                0x080006f0                SVC_Handler
 .text.DebugMon_Handler
                0x080006fc        0xc ./Core/Src/stm32f1xx_it.o
                0x080006fc                DebugMon_Handler
 .text.PendSV_Handler
                0x08000708        0xc ./Core/Src/stm32f1xx_it.o
                0x08000708                PendSV_Handler
 .text.SysTick_Handler
                0x08000714        0xc ./Core/Src/stm32f1xx_it.o
                0x08000714                SysTick_Handler
 .text.DMA1_Channel1_IRQHandler
                0x08000720       0x14 ./Core/Src/stm32f1xx_it.o
                0x08000720                DMA1_Channel1_IRQHandler
 .text.USB_LP_CAN1_RX0_IRQHandler
                0x08000734       0x14 ./Core/Src/stm32f1xx_it.o
                0x08000734                USB_LP_CAN1_RX0_IRQHandler
 .text.SystemInit
                0x08000748        0xc ./Core/Src/system_stm32f1xx.o
                0x08000748                SystemInit
 .text.Reset_Handler
                0x08000754       0x48 ./Core/Startup/startup_stm32f103c8tx.o
                0x08000754                Reset_Handler
 .text.Default_Handler
                0x0800079c        0x2 ./Core/Startup/startup_stm32f103c8tx.o
                0x0800079c                RTC_Alarm_IRQHandler
                0x0800079c                EXTI2_IRQHandler
                0x0800079c                TIM1_CC_IRQHandler
                0x0800079c                PVD_IRQHandler
                0x0800079c                EXTI3_IRQHandler
                0x0800079c                EXTI0_IRQHandler
                0x0800079c                I2C2_EV_IRQHandler
                0x0800079c                ADC1_2_IRQHandler
                0x0800079c                SPI1_IRQHandler
                0x0800079c                TAMPER_IRQHandler
                0x0800079c                DMA1_Channel4_IRQHandler
                0x0800079c                USART3_IRQHandler
                0x0800079c                RTC_IRQHandler
                0x0800079c                DMA1_Channel7_IRQHandler
                0x0800079c                CAN1_RX1_IRQHandler
                0x0800079c                TIM4_IRQHandler
                0x0800079c                I2C1_EV_IRQHandler
                0x0800079c                DMA1_Channel6_IRQHandler
                0x0800079c                TIM3_IRQHandler
                0x0800079c                RCC_IRQHandler
                0x0800079c                TIM1_TRG_COM_IRQHandler
                0x0800079c                Default_Handler
                0x0800079c                EXTI15_10_IRQHandler
                0x0800079c                EXTI9_5_IRQHandler
                0x0800079c                SPI2_IRQHandler
                0x0800079c                DMA1_Channel5_IRQHandler
                0x0800079c                EXTI4_IRQHandler
                0x0800079c                USB_HP_CAN1_TX_IRQHandler
                0x0800079c                DMA1_Channel3_IRQHandler
                0x0800079c                TIM1_UP_IRQHandler
                0x0800079c                WWDG_IRQHandler
                0x0800079c                TIM2_IRQHandler
                0x0800079c                TIM1_BRK_IRQHandler
                0x0800079c                EXTI1_IRQHandler
                0x0800079c                USART2_IRQHandler
                0x0800079c                I2C2_ER_IRQHandler
                0x0800079c                DMA1_Channel2_IRQHandler
                0x0800079c                CAN1_SCE_IRQHandler
                0x0800079c                FLASH_IRQHandler
                0x0800079c                USART1_IRQHandler
                0x0800079c                I2C1_ER_IRQHandler
                0x0800079c                USBWakeUp_IRQHandler
 *fill*         0x0800079e        0x2 
 .text.HAL_Init
                0x080007a0       0x2c ./Drivers/STM32F1xx_HAL_Driver/Src/stm32f1xx_hal.o
                0x080007a0                HAL_Init
 .text.HAL_InitTick
                0x080007cc       0x60 ./Drivers/STM32F1xx_HAL_Driver/Src/stm32f1xx_hal.o
                0x080007cc                HAL_InitTick
 .text.HAL_IncTick
                0x0800082c       0x24 ./Drivers/STM32F1xx_HAL_Driver/Src/stm32f1xx_hal.o
                0x0800082c                HAL_IncTick
 .text.HAL_GetTick
                0x08000850       0x14 ./Drivers/STM32F1xx_HAL_Driver/Src/stm32f1xx_hal.o
                0x08000850                HAL_GetTick
 .text.HAL_Delay
                0x08000864       0x48 ./Drivers/STM32F1xx_HAL_Driver/Src/stm32f1xx_hal.o
                0x08000864                HAL_Delay
 .text.HAL_ADC_Init
                0x080008ac      0x1b0 ./Drivers/STM32F1xx_HAL_Driver/Src/stm32f1xx_hal_adc.o
                0x080008ac                HAL_ADC_Init
 .text.HAL_ADC_Start_DMA
                0x08000a5c      0x1bc ./Drivers/STM32F1xx_HAL_Driver/Src/stm32f1xx_hal_adc.o
                0x08000a5c                HAL_ADC_Start_DMA
 .text.HAL_ADC_ConvHalfCpltCallback
                0x08000c18       0x12 ./Drivers/STM32F1xx_HAL_Driver/Src/stm32f1xx_hal_adc.o
                0x08000c18                HAL_ADC_ConvHalfCpltCallback
 .text.HAL_ADC_ErrorCallback
                0x08000c2a       0x12 ./Drivers/STM32F1xx_HAL_Driver/Src/stm32f1xx_hal_adc.o
                0x08000c2a                HAL_ADC_ErrorCallback
 .text.ADC_Enable
                0x08000c3c       0xb4 ./Drivers/STM32F1xx_HAL_Driver/Src/stm32f1xx_hal_adc.o
                0x08000c3c                ADC_Enable
 .text.ADC_ConversionStop_Disable
                0x08000cf0       0x82 ./Drivers/STM32F1xx_HAL_Driver/Src/stm32f1xx_hal_adc.o
                0x08000cf0                ADC_ConversionStop_Disable
 .text.ADC_DMAConvCplt
                0x08000d72       0x7c ./Drivers/STM32F1xx_HAL_Driver/Src/stm32f1xx_hal_adc.o
                0x08000d72                ADC_DMAConvCplt
 .text.ADC_DMAHalfConvCplt
                0x08000dee       0x1c ./Drivers/STM32F1xx_HAL_Driver/Src/stm32f1xx_hal_adc.o
                0x08000dee                ADC_DMAHalfConvCplt
 .text.ADC_DMAError
                0x08000e0a       0x34 ./Drivers/STM32F1xx_HAL_Driver/Src/stm32f1xx_hal_adc.o
                0x08000e0a                ADC_DMAError
 *fill*         0x08000e3e        0x2 
 .text.__NVIC_SetPriorityGrouping
                0x08000e40       0x48 ./Drivers/STM32F1xx_HAL_Driver/Src/stm32f1xx_hal_cortex.o
 .text.__NVIC_GetPriorityGrouping
                0x08000e88       0x1c ./Drivers/STM32F1xx_HAL_Driver/Src/stm32f1xx_hal_cortex.o
 .text.__NVIC_EnableIRQ
                0x08000ea4       0x38 ./Drivers/STM32F1xx_HAL_Driver/Src/stm32f1xx_hal_cortex.o
 .text.__NVIC_SetPriority
                0x08000edc       0x54 ./Drivers/STM32F1xx_HAL_Driver/Src/stm32f1xx_hal_cortex.o
 .text.NVIC_EncodePriority
                0x08000f30       0x64 ./Drivers/STM32F1xx_HAL_Driver/Src/stm32f1xx_hal_cortex.o
 .text.SysTick_Config
                0x08000f94       0x44 ./Drivers/STM32F1xx_HAL_Driver/Src/stm32f1xx_hal_cortex.o
 .text.HAL_NVIC_SetPriorityGrouping
                0x08000fd8       0x16 ./Drivers/STM32F1xx_HAL_Driver/Src/stm32f1xx_hal_cortex.o
                0x08000fd8                HAL_NVIC_SetPriorityGrouping
 .text.HAL_NVIC_SetPriority
                0x08000fee       0x38 ./Drivers/STM32F1xx_HAL_Driver/Src/stm32f1xx_hal_cortex.o
                0x08000fee                HAL_NVIC_SetPriority
 .text.HAL_NVIC_EnableIRQ
                0x08001026       0x1c ./Drivers/STM32F1xx_HAL_Driver/Src/stm32f1xx_hal_cortex.o
                0x08001026                HAL_NVIC_EnableIRQ
 .text.HAL_SYSTICK_Config
                0x08001042       0x18 ./Drivers/STM32F1xx_HAL_Driver/Src/stm32f1xx_hal_cortex.o
                0x08001042                HAL_SYSTICK_Config
 *fill*         0x0800105a        0x2 
 .text.HAL_DMA_Init
                0x0800105c       0xb4 ./Drivers/STM32F1xx_HAL_Driver/Src/stm32f1xx_hal_dma.o
                0x0800105c                HAL_DMA_Init
 .text.HAL_DMA_Start_IT
                0x08001110       0xc0 ./Drivers/STM32F1xx_HAL_Driver/Src/stm32f1xx_hal_dma.o
                0x08001110                HAL_DMA_Start_IT
 .text.HAL_DMA_IRQHandler
                0x080011d0      0x20c ./Drivers/STM32F1xx_HAL_Driver/Src/stm32f1xx_hal_dma.o
                0x080011d0                HAL_DMA_IRQHandler
 .text.DMA_SetConfig
                0x080013dc       0x5a ./Drivers/STM32F1xx_HAL_Driver/Src/stm32f1xx_hal_dma.o
 *fill*         0x08001436        0x2 
 .text.HAL_GPIO_Init
                0x08001438      0x308 ./Drivers/STM32F1xx_HAL_Driver/Src/stm32f1xx_hal_gpio.o
                0x08001438                HAL_GPIO_Init
 .text.HAL_GPIO_WritePin
                0x08001740       0x30 ./Drivers/STM32F1xx_HAL_Driver/Src/stm32f1xx_hal_gpio.o
                0x08001740                HAL_GPIO_WritePin
 .text.HAL_PCD_Init
                0x08001770      0x1ec ./Drivers/STM32F1xx_HAL_Driver/Src/stm32f1xx_hal_pcd.o
                0x08001770                HAL_PCD_Init
 .text.HAL_PCD_Start
                0x0800195c       0x4c ./Drivers/STM32F1xx_HAL_Driver/Src/stm32f1xx_hal_pcd.o
                0x0800195c                HAL_PCD_Start
 .text.HAL_PCD_IRQHandler
                0x080019a8      0x260 ./Drivers/STM32F1xx_HAL_Driver/Src/stm32f1xx_hal_pcd.o
                0x080019a8                HAL_PCD_IRQHandler
 .text.HAL_PCD_SetAddress
                0x08001c08       0x48 ./Drivers/STM32F1xx_HAL_Driver/Src/stm32f1xx_hal_pcd.o
                0x08001c08                HAL_PCD_SetAddress
 .text.HAL_PCD_EP_Open
                0x08001c50       0xba ./Drivers/STM32F1xx_HAL_Driver/Src/stm32f1xx_hal_pcd.o
                0x08001c50                HAL_PCD_EP_Open
 .text.HAL_PCD_EP_Close
                0x08001d0a       0x90 ./Drivers/STM32F1xx_HAL_Driver/Src/stm32f1xx_hal_pcd.o
                0x08001d0a                HAL_PCD_EP_Close
 .text.HAL_PCD_EP_Receive
                0x08001d9a       0x62 ./Drivers/STM32F1xx_HAL_Driver/Src/stm32f1xx_hal_pcd.o
                0x08001d9a                HAL_PCD_EP_Receive
 .text.HAL_PCD_EP_GetRxCount
                0x08001dfc       0x2e ./Drivers/STM32F1xx_HAL_Driver/Src/stm32f1xx_hal_pcd.o
                0x08001dfc                HAL_PCD_EP_GetRxCount
 .text.HAL_PCD_EP_Transmit
                0x08001e2a       0x6e ./Drivers/STM32F1xx_HAL_Driver/Src/stm32f1xx_hal_pcd.o
                0x08001e2a                HAL_PCD_EP_Transmit
 .text.HAL_PCD_EP_SetStall
                0x08001e98       0xc0 ./Drivers/STM32F1xx_HAL_Driver/Src/stm32f1xx_hal_pcd.o
                0x08001e98                HAL_PCD_EP_SetStall
 .text.HAL_PCD_EP_ClrStall
                0x08001f58       0xa8 ./Drivers/STM32F1xx_HAL_Driver/Src/stm32f1xx_hal_pcd.o
                0x08001f58                HAL_PCD_EP_ClrStall
 .text.PCD_EP_ISR_Handler
                0x08002000      0x79e ./Drivers/STM32F1xx_HAL_Driver/Src/stm32f1xx_hal_pcd.o
 .text.HAL_PCD_EP_DB_Receive
                0x0800279e      0x21a ./Drivers/STM32F1xx_HAL_Driver/Src/stm32f1xx_hal_pcd.o
 .text.HAL_PCD_EP_DB_Transmit
                0x080029b8      0x7f4 ./Drivers/STM32F1xx_HAL_Driver/Src/stm32f1xx_hal_pcd.o
 .text.HAL_PCDEx_PMAConfig
                0x080031ac       0x84 ./Drivers/STM32F1xx_HAL_Driver/Src/stm32f1xx_hal_pcd_ex.o
                0x080031ac                HAL_PCDEx_PMAConfig
 .text.HAL_RCC_OscConfig
                0x08003230      0x504 ./Drivers/STM32F1xx_HAL_Driver/Src/stm32f1xx_hal_rcc.o
                0x08003230                HAL_RCC_OscConfig
 .text.HAL_RCC_ClockConfig
                0x08003734      0x1d4 ./Drivers/STM32F1xx_HAL_Driver/Src/stm32f1xx_hal_rcc.o
                0x08003734                HAL_RCC_ClockConfig
 .text.HAL_RCC_GetSysClockFreq
                0x08003908       0xa8 ./Drivers/STM32F1xx_HAL_Driver/Src/stm32f1xx_hal_rcc.o
                0x08003908                HAL_RCC_GetSysClockFreq
 .text.RCC_Delay
                0x080039b0       0x3c ./Drivers/STM32F1xx_HAL_Driver/Src/stm32f1xx_hal_rcc.o
 .text.HAL_RCCEx_PeriphCLKConfig
                0x080039ec      0x16c ./Drivers/STM32F1xx_HAL_Driver/Src/stm32f1xx_hal_rcc_ex.o
                0x080039ec                HAL_RCCEx_PeriphCLKConfig
 .text.USB_CoreInit
                0x08003b58       0x1a ./Drivers/STM32F1xx_HAL_Driver/Src/stm32f1xx_ll_usb.o
                0x08003b58                USB_CoreInit
 .text.USB_EnableGlobalInt
                0x08003b72       0x2c ./Drivers/STM32F1xx_HAL_Driver/Src/stm32f1xx_ll_usb.o
                0x08003b72                USB_EnableGlobalInt
 .text.USB_DisableGlobalInt
                0x08003b9e       0x34 ./Drivers/STM32F1xx_HAL_Driver/Src/stm32f1xx_ll_usb.o
                0x08003b9e                USB_DisableGlobalInt
 .text.USB_SetCurrentMode
                0x08003bd2       0x18 ./Drivers/STM32F1xx_HAL_Driver/Src/stm32f1xx_ll_usb.o
                0x08003bd2                USB_SetCurrentMode
 .text.USB_DevInit
                0x08003bea       0x3a ./Drivers/STM32F1xx_HAL_Driver/Src/stm32f1xx_ll_usb.o
                0x08003bea                USB_DevInit
 .text.USB_ActivateEndpoint
                0x08003c24      0x780 ./Drivers/STM32F1xx_HAL_Driver/Src/stm32f1xx_ll_usb.o
                0x08003c24                USB_ActivateEndpoint
 .text.USB_DeactivateEndpoint
                0x080043a4      0x3d8 ./Drivers/STM32F1xx_HAL_Driver/Src/stm32f1xx_ll_usb.o
                0x080043a4                USB_DeactivateEndpoint
 .text.USB_EPStartXfer
                0x0800477c     0x1762 ./Drivers/STM32F1xx_HAL_Driver/Src/stm32f1xx_ll_usb.o
                0x0800477c                USB_EPStartXfer
 .text.USB_EPSetStall
                0x08005ede       0xa0 ./Drivers/STM32F1xx_HAL_Driver/Src/stm32f1xx_ll_usb.o
                0x08005ede                USB_EPSetStall
 .text.USB_EPClearStall
                0x08005f7e      0x15a ./Drivers/STM32F1xx_HAL_Driver/Src/stm32f1xx_ll_usb.o
                0x08005f7e                USB_EPClearStall
 .text.USB_SetDevAddress
                0x080060d8       0x26 ./Drivers/STM32F1xx_HAL_Driver/Src/stm32f1xx_ll_usb.o
                0x080060d8                USB_SetDevAddress
 .text.USB_DevConnect
                0x080060fe       0x14 ./Drivers/STM32F1xx_HAL_Driver/Src/stm32f1xx_ll_usb.o
                0x080060fe                USB_DevConnect
 .text.USB_DevDisconnect
                0x08006112       0x14 ./Drivers/STM32F1xx_HAL_Driver/Src/stm32f1xx_ll_usb.o
                0x08006112                USB_DevDisconnect
 .text.USB_ReadInterrupts
                0x08006126       0x1e ./Drivers/STM32F1xx_HAL_Driver/Src/stm32f1xx_ll_usb.o
                0x08006126                USB_ReadInterrupts
 .text.USB_EP0_OutStart
                0x08006144       0x16 ./Drivers/STM32F1xx_HAL_Driver/Src/stm32f1xx_ll_usb.o
                0x08006144                USB_EP0_OutStart
 .text.USB_WritePMA
                0x0800615a       0x8c ./Drivers/STM32F1xx_HAL_Driver/Src/stm32f1xx_ll_usb.o
                0x0800615a                USB_WritePMA
 .text.USB_ReadPMA
                0x080061e6       0x9e ./Drivers/STM32F1xx_HAL_Driver/Src/stm32f1xx_ll_usb.o
                0x080061e6                USB_ReadPMA
 .text.USBD_CDC_Init
                0x08006284       0xf4 ./Middlewares/ST/STM32_USB_Device_Library/Class/CDC/Src/usbd_cdc.o
 .text.USBD_CDC_DeInit
                0x08006378       0x6e ./Middlewares/ST/STM32_USB_Device_Library/Class/CDC/Src/usbd_cdc.o
 .text.USBD_CDC_Setup
                0x080063e6      0x146 ./Middlewares/ST/STM32_USB_Device_Library/Class/CDC/Src/usbd_cdc.o
 .text.USBD_CDC_DataIn
                0x0800652c       0xa6 ./Middlewares/ST/STM32_USB_Device_Library/Class/CDC/Src/usbd_cdc.o
 .text.USBD_CDC_DataOut
                0x080065d2       0x56 ./Middlewares/ST/STM32_USB_Device_Library/Class/CDC/Src/usbd_cdc.o
 .text.USBD_CDC_EP0_RxReady
                0x08006628       0x4e ./Middlewares/ST/STM32_USB_Device_Library/Class/CDC/Src/usbd_cdc.o
 *fill*         0x08006676        0x2 
 .text.USBD_CDC_GetFSCfgDesc
                0x08006678       0x20 ./Middlewares/ST/STM32_USB_Device_Library/Class/CDC/Src/usbd_cdc.o
 .text.USBD_CDC_GetHSCfgDesc
                0x08006698       0x20 ./Middlewares/ST/STM32_USB_Device_Library/Class/CDC/Src/usbd_cdc.o
 .text.USBD_CDC_GetOtherSpeedCfgDesc
                0x080066b8       0x20 ./Middlewares/ST/STM32_USB_Device_Library/Class/CDC/Src/usbd_cdc.o
 .text.USBD_CDC_GetDeviceQualifierDescriptor
                0x080066d8       0x20 ./Middlewares/ST/STM32_USB_Device_Library/Class/CDC/Src/usbd_cdc.o
                0x080066d8                USBD_CDC_GetDeviceQualifierDescriptor
 .text.USBD_CDC_RegisterInterface
                0x080066f8       0x2c ./Middlewares/ST/STM32_USB_Device_Library/Class/CDC/Src/usbd_cdc.o
                0x080066f8                USBD_CDC_RegisterInterface
 .text.USBD_CDC_SetTxBuffer
                0x08006724       0x32 ./Middlewares/ST/STM32_USB_Device_Library/Class/CDC/Src/usbd_cdc.o
                0x08006724                USBD_CDC_SetTxBuffer
 .text.USBD_CDC_SetRxBuffer
                0x08006756       0x26 ./Middlewares/ST/STM32_USB_Device_Library/Class/CDC/Src/usbd_cdc.o
                0x08006756                USBD_CDC_SetRxBuffer
 .text.USBD_CDC_TransmitPacket
                0x0800677c       0x5e ./Middlewares/ST/STM32_USB_Device_Library/Class/CDC/Src/usbd_cdc.o
                0x0800677c                USBD_CDC_TransmitPacket
 .text.USBD_CDC_ReceivePacket
                0x080067da       0x54 ./Middlewares/ST/STM32_USB_Device_Library/Class/CDC/Src/usbd_cdc.o
                0x080067da                USBD_CDC_ReceivePacket
 .text.USBD_Init
                0x0800682e       0x56 ./Middlewares/ST/STM32_USB_Device_Library/Core/Src/usbd_core.o
                0x0800682e                USBD_Init
 .text.USBD_RegisterClass
                0x08006884       0x32 ./Middlewares/ST/STM32_USB_Device_Library/Core/Src/usbd_core.o
                0x08006884                USBD_RegisterClass
 .text.USBD_Start
                0x080068b6       0x18 ./Middlewares/ST/STM32_USB_Device_Library/Core/Src/usbd_core.o
                0x080068b6                USBD_Start
 .text.USBD_RunTestMode
                0x080068ce       0x14 ./Middlewares/ST/STM32_USB_Device_Library/Core/Src/usbd_core.o
                0x080068ce                USBD_RunTestMode
 .text.USBD_SetClassConfig
                0x080068e2       0x3e ./Middlewares/ST/STM32_USB_Device_Library/Core/Src/usbd_core.o
                0x080068e2                USBD_SetClassConfig
 .text.USBD_ClrClassConfig
                0x08006920       0x26 ./Middlewares/ST/STM32_USB_Device_Library/Core/Src/usbd_core.o
                0x08006920                USBD_ClrClassConfig
 .text.USBD_LL_SetupStage
                0x08006946       0x9a ./Middlewares/ST/STM32_USB_Device_Library/Core/Src/usbd_core.o
                0x08006946                USBD_LL_SetupStage
 .text.USBD_LL_DataOutStage
                0x080069e0       0xe2 ./Middlewares/ST/STM32_USB_Device_Library/Core/Src/usbd_core.o
                0x080069e0                USBD_LL_DataOutStage
 .text.USBD_LL_DataInStage
                0x08006ac2      0x14a ./Middlewares/ST/STM32_USB_Device_Library/Core/Src/usbd_core.o
                0x08006ac2                USBD_LL_DataInStage
 .text.USBD_LL_Reset
                0x08006c0c       0x82 ./Middlewares/ST/STM32_USB_Device_Library/Core/Src/usbd_core.o
                0x08006c0c                USBD_LL_Reset
 .text.USBD_LL_SetSpeed
                0x08006c8e       0x1e ./Middlewares/ST/STM32_USB_Device_Library/Core/Src/usbd_core.o
                0x08006c8e                USBD_LL_SetSpeed
 .text.USBD_LL_Suspend
                0x08006cac       0x28 ./Middlewares/ST/STM32_USB_Device_Library/Core/Src/usbd_core.o
                0x08006cac                USBD_LL_Suspend
 .text.USBD_LL_Resume
                0x08006cd4       0x2a ./Middlewares/ST/STM32_USB_Device_Library/Core/Src/usbd_core.o
                0x08006cd4                USBD_LL_Resume
 .text.USBD_LL_SOF
                0x08006cfe       0x34 ./Middlewares/ST/STM32_USB_Device_Library/Core/Src/usbd_core.o
                0x08006cfe                USBD_LL_SOF
 *fill*         0x08006d32        0x2 
 .text.USBD_StdDevReq
                0x08006d34       0xd4 ./Middlewares/ST/STM32_USB_Device_Library/Core/Src/usbd_ctlreq.o
                0x08006d34                USBD_StdDevReq
 .text.USBD_StdItfReq
                0x08006e08       0x90 ./Middlewares/ST/STM32_USB_Device_Library/Core/Src/usbd_ctlreq.o
                0x08006e08                USBD_StdItfReq
 .text.USBD_StdEPReq
                0x08006e98      0x2c6 ./Middlewares/ST/STM32_USB_Device_Library/Core/Src/usbd_ctlreq.o
                0x08006e98                USBD_StdEPReq
 *fill*         0x0800715e        0x2 
 .text.USBD_GetDescriptor
                0x08007160      0x2d0 ./Middlewares/ST/STM32_USB_Device_Library/Core/Src/usbd_ctlreq.o
 .text.USBD_SetAddress
                0x08007430       0x86 ./Middlewares/ST/STM32_USB_Device_Library/Core/Src/usbd_ctlreq.o
 *fill*         0x080074b6        0x2 
 .text.USBD_SetConfig
                0x080074b8      0x11c ./Middlewares/ST/STM32_USB_Device_Library/Core/Src/usbd_ctlreq.o
 .text.USBD_GetConfig
                0x080075d4       0x6a ./Middlewares/ST/STM32_USB_Device_Library/Core/Src/usbd_ctlreq.o
 .text.USBD_GetStatus
                0x0800763e       0x66 ./Middlewares/ST/STM32_USB_Device_Library/Core/Src/usbd_ctlreq.o
 .text.USBD_SetFeature
                0x080076a4       0x28 ./Middlewares/ST/STM32_USB_Device_Library/Core/Src/usbd_ctlreq.o
 .text.USBD_ClrFeature
                0x080076cc       0x42 ./Middlewares/ST/STM32_USB_Device_Library/Core/Src/usbd_ctlreq.o
 .text.USBD_ParseSetupRequest
                0x0800770e       0x72 ./Middlewares/ST/STM32_USB_Device_Library/Core/Src/usbd_ctlreq.o
                0x0800770e                USBD_ParseSetupRequest
 .text.USBD_CtlError
                0x08007780       0x22 ./Middlewares/ST/STM32_USB_Device_Library/Core/Src/usbd_ctlreq.o
                0x08007780                USBD_CtlError
 .text.USBD_GetString
                0x080077a2       0x84 ./Middlewares/ST/STM32_USB_Device_Library/Core/Src/usbd_ctlreq.o
                0x080077a2                USBD_GetString
 .text.USBD_GetLen
                0x08007826       0x2e ./Middlewares/ST/STM32_USB_Device_Library/Core/Src/usbd_ctlreq.o
 .text.USBD_CtlSendData
                0x08007854       0x38 ./Middlewares/ST/STM32_USB_Device_Library/Core/Src/usbd_ioreq.o
                0x08007854                USBD_CtlSendData
 .text.USBD_CtlContinueSendData
                0x0800788c       0x24 ./Middlewares/ST/STM32_USB_Device_Library/Core/Src/usbd_ioreq.o
                0x0800788c                USBD_CtlContinueSendData
 .text.USBD_CtlPrepareRx
                0x080078b0       0x3c ./Middlewares/ST/STM32_USB_Device_Library/Core/Src/usbd_ioreq.o
                0x080078b0                USBD_CtlPrepareRx
 .text.USBD_CtlContinueRx
                0x080078ec       0x24 ./Middlewares/ST/STM32_USB_Device_Library/Core/Src/usbd_ioreq.o
                0x080078ec                USBD_CtlContinueRx
 .text.USBD_CtlSendStatus
                0x08007910       0x26 ./Middlewares/ST/STM32_USB_Device_Library/Core/Src/usbd_ioreq.o
                0x08007910                USBD_CtlSendStatus
 .text.USBD_CtlReceiveStatus
                0x08007936       0x26 ./Middlewares/ST/STM32_USB_Device_Library/Core/Src/usbd_ioreq.o
                0x08007936                USBD_CtlReceiveStatus
 .text.MX_USB_DEVICE_Init
                0x0800795c       0x60 ./USB_DEVICE/App/usb_device.o
                0x0800795c                MX_USB_DEVICE_Init
 .text.CDC_Init_FS
                0x080079bc       0x28 ./USB_DEVICE/App/usbd_cdc_if.o
 .text.CDC_DeInit_FS
                0x080079e4        0xe ./USB_DEVICE/App/usbd_cdc_if.o
 *fill*         0x080079f2        0x2 
 .text.CDC_Control_FS
                0x080079f4       0xbc ./USB_DEVICE/App/usbd_cdc_if.o
 .text.CDC_Receive_FS
                0x08007ab0       0x34 ./USB_DEVICE/App/usbd_cdc_if.o
 .text.CDC_Transmit_FS
                0x08007ae4       0x4c ./USB_DEVICE/App/usbd_cdc_if.o
                0x08007ae4                CDC_Transmit_FS
 .text.USBD_FS_DeviceDescriptor
                0x08007b30       0x24 ./USB_DEVICE/App/usbd_desc.o
                0x08007b30                USBD_FS_DeviceDescriptor
 .text.USBD_FS_LangIDStrDescriptor
                0x08007b54       0x24 ./USB_DEVICE/App/usbd_desc.o
                0x08007b54                USBD_FS_LangIDStrDescriptor
 .text.USBD_FS_ProductStrDescriptor
                0x08007b78       0x3c ./USB_DEVICE/App/usbd_desc.o
                0x08007b78                USBD_FS_ProductStrDescriptor
 .text.USBD_FS_ManufacturerStrDescriptor
                0x08007bb4       0x28 ./USB_DEVICE/App/usbd_desc.o
                0x08007bb4                USBD_FS_ManufacturerStrDescriptor
 .text.USBD_FS_SerialStrDescriptor
                0x08007bdc       0x24 ./USB_DEVICE/App/usbd_desc.o
                0x08007bdc                USBD_FS_SerialStrDescriptor
 .text.USBD_FS_ConfigStrDescriptor
                0x08007c00       0x3c ./USB_DEVICE/App/usbd_desc.o
                0x08007c00                USBD_FS_ConfigStrDescriptor
 .text.USBD_FS_InterfaceStrDescriptor
                0x08007c3c       0x3c ./USB_DEVICE/App/usbd_desc.o
                0x08007c3c                USBD_FS_InterfaceStrDescriptor
 .text.Get_SerialNum
                0x08007c78       0x58 ./USB_DEVICE/App/usbd_desc.o
 .text.IntToUnicode
                0x08007cd0       0x7c ./USB_DEVICE/App/usbd_desc.o
 .text.HAL_PCD_MspInit
                0x08007d4c       0x4c ./USB_DEVICE/Target/usbd_conf.o
                0x08007d4c                HAL_PCD_MspInit
 .text.HAL_PCD_SetupStageCallback
                0x08007d98       0x24 ./USB_DEVICE/Target/usbd_conf.o
                0x08007d98                HAL_PCD_SetupStageCallback
 .text.HAL_PCD_DataOutStageCallback
                0x08007dbc       0x36 ./USB_DEVICE/Target/usbd_conf.o
                0x08007dbc                HAL_PCD_DataOutStageCallback
 .text.HAL_PCD_DataInStageCallback
                0x08007df2       0x34 ./USB_DEVICE/Target/usbd_conf.o
                0x08007df2                HAL_PCD_DataInStageCallback
 .text.HAL_PCD_SOFCallback
                0x08007e26       0x1c ./USB_DEVICE/Target/usbd_conf.o
                0x08007e26                HAL_PCD_SOFCallback
 .text.HAL_PCD_ResetCallback
                0x08007e42       0x3c ./USB_DEVICE/Target/usbd_conf.o
                0x08007e42                HAL_PCD_ResetCallback
 *fill*         0x08007e7e        0x2 
 .text.HAL_PCD_SuspendCallback
                0x08007e80       0x34 ./USB_DEVICE/Target/usbd_conf.o
                0x08007e80                HAL_PCD_SuspendCallback
 .text.HAL_PCD_ResumeCallback
                0x08007eb4       0x1c ./USB_DEVICE/Target/usbd_conf.o
                0x08007eb4                HAL_PCD_ResumeCallback
 .text.USBD_LL_Init
                0x08007ed0       0xb4 ./USB_DEVICE/Target/usbd_conf.o
                0x08007ed0                USBD_LL_Init
 .text.USBD_LL_Start
                0x08007f84       0x36 ./USB_DEVICE/Target/usbd_conf.o
                0x08007f84                USBD_LL_Start
 .text.USBD_LL_OpenEP
                0x08007fba       0x4c ./USB_DEVICE/Target/usbd_conf.o
                0x08007fba                USBD_LL_OpenEP
 .text.USBD_LL_CloseEP
                0x08008006       0x3e ./USB_DEVICE/Target/usbd_conf.o
                0x08008006                USBD_LL_CloseEP
 .text.USBD_LL_StallEP
                0x08008044       0x3e ./USB_DEVICE/Target/usbd_conf.o
                0x08008044                USBD_LL_StallEP
 .text.USBD_LL_ClearStallEP
                0x08008082       0x3e ./USB_DEVICE/Target/usbd_conf.o
                0x08008082                USBD_LL_ClearStallEP
 .text.USBD_LL_IsStallEP
                0x080080c0       0x56 ./USB_DEVICE/Target/usbd_conf.o
                0x080080c0                USBD_LL_IsStallEP
 .text.USBD_LL_SetUSBAddress
                0x08008116       0x3e ./USB_DEVICE/Target/usbd_conf.o
                0x08008116                USBD_LL_SetUSBAddress
 .text.USBD_LL_Transmit
                0x08008154       0x46 ./USB_DEVICE/Target/usbd_conf.o
                0x08008154                USBD_LL_Transmit
 .text.USBD_LL_PrepareReceive
                0x0800819a       0x46 ./USB_DEVICE/Target/usbd_conf.o
                0x0800819a                USBD_LL_PrepareReceive
 .text.USBD_LL_GetRxDataSize
                0x080081e0       0x26 ./USB_DEVICE/Target/usbd_conf.o
                0x080081e0                USBD_LL_GetRxDataSize
 *fill*         0x08008206        0x2 
 .text.USBD_static_malloc
                0x08008208       0x18 ./USB_DEVICE/Target/usbd_conf.o
                0x08008208                USBD_static_malloc
 .text.USBD_static_free
                0x08008220       0x12 ./USB_DEVICE/Target/usbd_conf.o
                0x08008220                USBD_static_free
 .text.HAL_PCDEx_SetConnectionState
                0x08008232       0x16 ./USB_DEVICE/Target/usbd_conf.o
                0x08008232                HAL_PCDEx_SetConnectionState
 .text.USBD_Get_USB_Status
                0x08008248       0x58 ./USB_DEVICE/Target/usbd_conf.o
 .text.memset   0x080082a0       0x10 C:/ST/STM32CubeIDE_1.18.1/STM32CubeIDE/plugins/com.st.stm32cube.ide.mcu.externaltools.gnu-tools-for-stm32.13.3.rel1.win32_1.0.0.202411081344/tools/bin/../lib/gcc/arm-none-eabi/13.3.1/../../../../arm-none-eabi/lib/thumb/v7-m/nofp\libc_nano.a(libc_a-memset.o)
                0x080082a0                memset
 .text.__libc_init_array
                0x080082b0       0x48 C:/ST/STM32CubeIDE_1.18.1/STM32CubeIDE/plugins/com.st.stm32cube.ide.mcu.externaltools.gnu-tools-for-stm32.13.3.rel1.win32_1.0.0.202411081344/tools/bin/../lib/gcc/arm-none-eabi/13.3.1/../../../../arm-none-eabi/lib/thumb/v7-m/nofp\libc_nano.a(libc_a-init.o)
                0x080082b0                __libc_init_array
 .text.memcpy   0x080082f8       0x1c C:/ST/STM32CubeIDE_1.18.1/STM32CubeIDE/plugins/com.st.stm32cube.ide.mcu.externaltools.gnu-tools-for-stm32.13.3.rel1.win32_1.0.0.202411081344/tools/bin/../lib/gcc/arm-none-eabi/13.3.1/../../../../arm-none-eabi/lib/thumb/v7-m/nofp\libc_nano.a(libc_a-memcpy-stub.o)
                0x080082f8                memcpy
 *(.glue_7)
 .glue_7        0x08008314        0x0 linker stubs
 *(.glue_7t)
 .glue_7t       0x08008314        0x0 linker stubs
 *(.eh_frame)
 .eh_frame      0x08008314        0x0 C:/ST/STM32CubeIDE_1.18.1/STM32CubeIDE/plugins/com.st.stm32cube.ide.mcu.externaltools.gnu-tools-for-stm32.13.3.rel1.win32_1.0.0.202411081344/tools/bin/../lib/gcc/arm-none-eabi/13.3.1/thumb/v7-m/nofp/crtbegin.o
 *(.init)
 .init          0x08008314        0x4 C:/ST/STM32CubeIDE_1.18.1/STM32CubeIDE/plugins/com.st.stm32cube.ide.mcu.externaltools.gnu-tools-for-stm32.13.3.rel1.win32_1.0.0.202411081344/tools/bin/../lib/gcc/arm-none-eabi/13.3.1/thumb/v7-m/nofp/crti.o
                0x08008314                _init
 .init          0x08008318        0x8 C:/ST/STM32CubeIDE_1.18.1/STM32CubeIDE/plugins/com.st.stm32cube.ide.mcu.externaltools.gnu-tools-for-stm32.13.3.rel1.win32_1.0.0.202411081344/tools/bin/../lib/gcc/arm-none-eabi/13.3.1/thumb/v7-m/nofp/crtn.o
 *(.fini)
 .fini          0x08008320        0x4 C:/ST/STM32CubeIDE_1.18.1/STM32CubeIDE/plugins/com.st.stm32cube.ide.mcu.externaltools.gnu-tools-for-stm32.13.3.rel1.win32_1.0.0.202411081344/tools/bin/../lib/gcc/arm-none-eabi/13.3.1/thumb/v7-m/nofp/crti.o
                0x08008320                _fini
 .fini          0x08008324        0x8 C:/ST/STM32CubeIDE_1.18.1/STM32CubeIDE/plugins/com.st.stm32cube.ide.mcu.externaltools.gnu-tools-for-stm32.13.3.rel1.win32_1.0.0.202411081344/tools/bin/../lib/gcc/arm-none-eabi/13.3.1/thumb/v7-m/nofp/crtn.o
                0x0800832c                        . = ALIGN (0x4)
                0x0800832c                        _etext = .

.vfp11_veneer   0x0800832c        0x0
 .vfp11_veneer  0x0800832c        0x0 linker stubs

.v4_bx          0x0800832c        0x0
 .v4_bx         0x0800832c        0x0 linker stubs

.iplt           0x0800832c        0x0
 .iplt          0x0800832c        0x0 C:/ST/STM32CubeIDE_1.18.1/STM32CubeIDE/plugins/com.st.stm32cube.ide.mcu.externaltools.gnu-tools-for-stm32.13.3.rel1.win32_1.0.0.202411081344/tools/bin/../lib/gcc/arm-none-eabi/13.3.1/thumb/v7-m/nofp/crtbegin.o

.rodata         0x0800832c       0x78
                0x0800832c                        . = ALIGN (0x4)
 *(.rodata)
 .rodata        0x0800832c       0x16 ./Core/Src/main.o
 *fill*         0x08008342        0x2 
 .rodata        0x08008344       0x3a ./USB_DEVICE/App/usbd_desc.o
 *(.rodata*)
 *fill*         0x0800837e        0x2 
 .rodata.AHBPrescTable
                0x08008380       0x10 ./Core/Src/system_stm32f1xx.o
                0x08008380                AHBPrescTable
 .rodata.aPLLMULFactorTable.1
                0x08008390       0x10 ./Drivers/STM32F1xx_HAL_Driver/Src/stm32f1xx_hal_rcc.o
 .rodata.aPredivFactorTable.0
                0x080083a0        0x2 ./Drivers/STM32F1xx_HAL_Driver/Src/stm32f1xx_hal_rcc.o
                0x080083a4                        . = ALIGN (0x4)
 *fill*         0x080083a2        0x2 

.ARM.extab      0x080083a4        0x0
                0x080083a4                        . = ALIGN (0x4)
 *(.ARM.extab* .gnu.linkonce.armextab.*)
                0x080083a4                        . = ALIGN (0x4)

.ARM            0x080083a4        0x8
                0x080083a4                        . = ALIGN (0x4)
                0x080083a4                        __exidx_start = .
 *(.ARM.exidx*)
 .ARM.exidx     0x080083a4        0x8 C:/ST/STM32CubeIDE_1.18.1/STM32CubeIDE/plugins/com.st.stm32cube.ide.mcu.externaltools.gnu-tools-for-stm32.13.3.rel1.win32_1.0.0.202411081344/tools/bin/../lib/gcc/arm-none-eabi/13.3.1/../../../../arm-none-eabi/lib/thumb/v7-m/nofp\libc_nano.a(libc_a-strcmp.o)
                0x080083ac                        __exidx_end = .
                0x080083ac                        . = ALIGN (0x4)

.preinit_array  0x080083ac        0x0
                0x080083ac                        . = ALIGN (0x4)
                0x080083ac                        PROVIDE (__preinit_array_start = .)
 *(.preinit_array*)
                0x080083ac                        PROVIDE (__preinit_array_end = .)
                0x080083ac                        . = ALIGN (0x4)

.init_array     0x080083ac        0x4
                0x080083ac                        . = ALIGN (0x4)
                0x080083ac                        PROVIDE (__init_array_start = .)
 *(SORT_BY_NAME(.init_array.*))
 *(.init_array*)
 .init_array    0x080083ac        0x4 C:/ST/STM32CubeIDE_1.18.1/STM32CubeIDE/plugins/com.st.stm32cube.ide.mcu.externaltools.gnu-tools-for-stm32.13.3.rel1.win32_1.0.0.202411081344/tools/bin/../lib/gcc/arm-none-eabi/13.3.1/thumb/v7-m/nofp/crtbegin.o
                0x080083b0                        PROVIDE (__init_array_end = .)
                0x080083b0                        . = ALIGN (0x4)

.fini_array     0x080083b0        0x4
                0x080083b0                        . = ALIGN (0x4)
                [!provide]                        PROVIDE (__fini_array_start = .)
 *(SORT_BY_NAME(.fini_array.*))
 *(.fini_array*)
 .fini_array    0x080083b0        0x4 C:/ST/STM32CubeIDE_1.18.1/STM32CubeIDE/plugins/com.st.stm32cube.ide.mcu.externaltools.gnu-tools-for-stm32.13.3.rel1.win32_1.0.0.202411081344/tools/bin/../lib/gcc/arm-none-eabi/13.3.1/thumb/v7-m/nofp/crtbegin.o
                [!provide]                        PROVIDE (__fini_array_end = .)
                0x080083b4                        . = ALIGN (0x4)
                0x080083b4                        _sidata = LOADADDR (.data)

.rel.dyn        0x080083b4        0x0
 .rel.iplt      0x080083b4        0x0 C:/ST/STM32CubeIDE_1.18.1/STM32CubeIDE/plugins/com.st.stm32cube.ide.mcu.externaltools.gnu-tools-for-stm32.13.3.rel1.win32_1.0.0.202411081344/tools/bin/../lib/gcc/arm-none-eabi/13.3.1/thumb/v7-m/nofp/crtbegin.o

.data           0x20000000      0x17c load address 0x080083b4
                0x20000000                        . = ALIGN (0x4)
                0x20000000                        _sdata = .
 *(.data)
 *(.data*)
 .data.SystemCoreClock
                0x20000000        0x4 ./Core/Src/system_stm32f1xx.o
                0x20000000                SystemCoreClock
 .data.uwTickPrio
                0x20000004        0x4 ./Drivers/STM32F1xx_HAL_Driver/Src/stm32f1xx_hal.o
                0x20000004                uwTickPrio
 .data.uwTickFreq
                0x20000008        0x1 ./Drivers/STM32F1xx_HAL_Driver/Src/stm32f1xx_hal.o
                0x20000008                uwTickFreq
 *fill*         0x20000009        0x3 
 .data.USBD_CDC_DeviceQualifierDesc
                0x2000000c        0xa ./Middlewares/ST/STM32_USB_Device_Library/Class/CDC/Src/usbd_cdc.o
 *fill*         0x20000016        0x2 
 .data.USBD_CDC
                0x20000018       0x38 ./Middlewares/ST/STM32_USB_Device_Library/Class/CDC/Src/usbd_cdc.o
                0x20000018                USBD_CDC
 .data.USBD_CDC_CfgHSDesc
                0x20000050       0x43 ./Middlewares/ST/STM32_USB_Device_Library/Class/CDC/Src/usbd_cdc.o
                0x20000050                USBD_CDC_CfgHSDesc
 *fill*         0x20000093        0x1 
 .data.USBD_CDC_CfgFSDesc
                0x20000094       0x43 ./Middlewares/ST/STM32_USB_Device_Library/Class/CDC/Src/usbd_cdc.o
                0x20000094                USBD_CDC_CfgFSDesc
 *fill*         0x200000d7        0x1 
 .data.USBD_CDC_OtherSpeedCfgDesc
                0x200000d8       0x43 ./Middlewares/ST/STM32_USB_Device_Library/Class/CDC/Src/usbd_cdc.o
                0x200000d8                USBD_CDC_OtherSpeedCfgDesc
 *fill*         0x2000011b        0x1 
 .data.USBD_Interface_fops_FS
                0x2000011c       0x10 ./USB_DEVICE/App/usbd_cdc_if.o
                0x2000011c                USBD_Interface_fops_FS
 .data.FS_Desc  0x2000012c       0x1c ./USB_DEVICE/App/usbd_desc.o
                0x2000012c                FS_Desc
 .data.USBD_FS_DeviceDesc
                0x20000148       0x12 ./USB_DEVICE/App/usbd_desc.o
                0x20000148                USBD_FS_DeviceDesc
 *fill*         0x2000015a        0x2 
 .data.USBD_LangIDDesc
                0x2000015c        0x4 ./USB_DEVICE/App/usbd_desc.o
                0x2000015c                USBD_LangIDDesc
 .data.USBD_StringSerial
                0x20000160       0x1a ./USB_DEVICE/App/usbd_desc.o
                0x20000160                USBD_StringSerial
 *(.RamFunc)
 *(.RamFunc*)
                0x2000017c                        . = ALIGN (0x4)
 *fill*         0x2000017a        0x2 
                0x2000017c                        _edata = .

.igot.plt       0x2000017c        0x0 load address 0x08008530
 .igot.plt      0x2000017c        0x0 C:/ST/STM32CubeIDE_1.18.1/STM32CubeIDE/plugins/com.st.stm32cube.ide.mcu.externaltools.gnu-tools-for-stm32.13.3.rel1.win32_1.0.0.202411081344/tools/bin/../lib/gcc/arm-none-eabi/13.3.1/thumb/v7-m/nofp/crtbegin.o

.adc_buffer     0x2000017c     0x1c08 load address 0x08008530
                0x2000017c                        . = ALIGN (0x4)
 *(.adc_buffer)
 .adc_buffer    0x2000017c     0x1c08 ./Core/Src/main.o
                0x2000017c                adc_buffer
                0x2000197c                buffer
                0x20001d7c                start_time
                0x20001d80                elapsed_time
                0x20001d84                        . = ALIGN (0x4)
                0x20001d84                        . = ALIGN (0x4)

.bss            0x20001d84      0xe98 load address 0x0800a138
                0x20001d84                        _sbss = .
                0x20001d84                        __bss_start__ = _sbss
 *(.bss)
 .bss           0x20001d84       0x1c C:/ST/STM32CubeIDE_1.18.1/STM32CubeIDE/plugins/com.st.stm32cube.ide.mcu.externaltools.gnu-tools-for-stm32.13.3.rel1.win32_1.0.0.202411081344/tools/bin/../lib/gcc/arm-none-eabi/13.3.1/thumb/v7-m/nofp/crtbegin.o
 *(.bss*)
 .bss.hadc1     0x20001da0       0x30 ./Core/Src/main.o
                0x20001da0                hadc1
 .bss.hdma_adc1
                0x20001dd0       0x44 ./Core/Src/main.o
                0x20001dd0                hdma_adc1
 .bss.adc_flag  0x20001e14        0x1 ./Core/Src/main.o
                0x20001e14                adc_flag
 .bss.usb_write
                0x20001e15        0x1 ./Core/Src/main.o
                0x20001e15                usb_write
 *fill*         0x20001e16        0x2 
 .bss.uwTick    0x20001e18        0x4 ./Drivers/STM32F1xx_HAL_Driver/Src/stm32f1xx_hal.o
                0x20001e18                uwTick
 .bss.cfgidx.0  0x20001e1c        0x1 ./Middlewares/ST/STM32_USB_Device_Library/Core/Src/usbd_ctlreq.o
 *fill*         0x20001e1d        0x3 
 .bss.hUsbDeviceFS
                0x20001e20      0x2c4 ./USB_DEVICE/App/usb_device.o
                0x20001e20                hUsbDeviceFS
 .bss.UserRxBufferFS
                0x200020e4       0x40 ./USB_DEVICE/App/usbd_cdc_if.o
                0x200020e4                UserRxBufferFS
 .bss.UserTxBufferFS
                0x20002124      0x400 ./USB_DEVICE/App/usbd_cdc_if.o
                0x20002124                UserTxBufferFS
 .bss.USBD_StrDesc
                0x20002524      0x200 ./USB_DEVICE/App/usbd_desc.o
                0x20002524                USBD_StrDesc
 .bss.hpcd_USB_FS
                0x20002724      0x2d8 ./USB_DEVICE/Target/usbd_conf.o
                0x20002724                hpcd_USB_FS
 .bss.mem.0     0x200029fc      0x220 ./USB_DEVICE/Target/usbd_conf.o
 *(COMMON)
                0x20002c1c                        . = ALIGN (0x4)
                0x20002c1c                        _ebss = .
                0x20002c1c                        __bss_end__ = _ebss

._user_heap_stack
                0x20002c1c      0x604 load address 0x0800a138
                0x20002c20                        . = ALIGN (0x8)
 *fill*         0x20002c1c        0x4 
                [!provide]                        PROVIDE (end = .)
                0x20002c20                        PROVIDE (_end = .)
                0x20002e20                        . = (. + _Min_Heap_Size)
 *fill*         0x20002c20      0x200 
                0x20003220                        . = (. + _Min_Stack_Size)
 *fill*         0x20002e20      0x400 
                0x20003220                        . = ALIGN (0x8)

/DISCARD/
 libc.a(*)
 libm.a(*)
 libgcc.a(*)

.ARM.attributes
                0x00000000       0x29
 *(.ARM.attributes)
 .ARM.attributes
                0x00000000       0x1d C:/ST/STM32CubeIDE_1.18.1/STM32CubeIDE/plugins/com.st.stm32cube.ide.mcu.externaltools.gnu-tools-for-stm32.13.3.rel1.win32_1.0.0.202411081344/tools/bin/../lib/gcc/arm-none-eabi/13.3.1/thumb/v7-m/nofp/crti.o
 .ARM.attributes
                0x0000001d       0x2d C:/ST/STM32CubeIDE_1.18.1/STM32CubeIDE/plugins/com.st.stm32cube.ide.mcu.externaltools.gnu-tools-for-stm32.13.3.rel1.win32_1.0.0.202411081344/tools/bin/../lib/gcc/arm-none-eabi/13.3.1/thumb/v7-m/nofp/crtbegin.o
 .ARM.attributes
                0x0000004a       0x2d ./Core/Src/main.o
 .ARM.attributes
                0x00000077       0x2d ./Core/Src/stm32f1xx_hal_msp.o
 .ARM.attributes
                0x000000a4       0x2d ./Core/Src/stm32f1xx_it.o
 .ARM.attributes
                0x000000d1       0x2d ./Core/Src/system_stm32f1xx.o
 .ARM.attributes
                0x000000fe       0x21 ./Core/Startup/startup_stm32f103c8tx.o
 .ARM.attributes
                0x0000011f       0x2d ./Drivers/STM32F1xx_HAL_Driver/Src/stm32f1xx_hal.o
 .ARM.attributes
                0x0000014c       0x2d ./Drivers/STM32F1xx_HAL_Driver/Src/stm32f1xx_hal_adc.o
 .ARM.attributes
                0x00000179       0x2d ./Drivers/STM32F1xx_HAL_Driver/Src/stm32f1xx_hal_cortex.o
 .ARM.attributes
                0x000001a6       0x2d ./Drivers/STM32F1xx_HAL_Driver/Src/stm32f1xx_hal_dma.o
 .ARM.attributes
                0x000001d3       0x2d ./Drivers/STM32F1xx_HAL_Driver/Src/stm32f1xx_hal_gpio.o
 .ARM.attributes
                0x00000200       0x2d ./Drivers/STM32F1xx_HAL_Driver/Src/stm32f1xx_hal_pcd.o
 .ARM.attributes
                0x0000022d       0x2d ./Drivers/STM32F1xx_HAL_Driver/Src/stm32f1xx_hal_pcd_ex.o
 .ARM.attributes
                0x0000025a       0x2d ./Drivers/STM32F1xx_HAL_Driver/Src/stm32f1xx_hal_rcc.o
 .ARM.attributes
                0x00000287       0x2d ./Drivers/STM32F1xx_HAL_Driver/Src/stm32f1xx_hal_rcc_ex.o
 .ARM.attributes
                0x000002b4       0x2d ./Drivers/STM32F1xx_HAL_Driver/Src/stm32f1xx_ll_usb.o
 .ARM.attributes
                0x000002e1       0x2d ./Middlewares/ST/STM32_USB_Device_Library/Class/CDC/Src/usbd_cdc.o
 .ARM.attributes
                0x0000030e       0x2d ./Middlewares/ST/STM32_USB_Device_Library/Core/Src/usbd_core.o
 .ARM.attributes
                0x0000033b       0x2d ./Middlewares/ST/STM32_USB_Device_Library/Core/Src/usbd_ctlreq.o
 .ARM.attributes
                0x00000368       0x2d ./Middlewares/ST/STM32_USB_Device_Library/Core/Src/usbd_ioreq.o
 .ARM.attributes
                0x00000395       0x2d ./USB_DEVICE/App/usb_device.o
 .ARM.attributes
                0x000003c2       0x2d ./USB_DEVICE/App/usbd_cdc_if.o
 .ARM.attributes
                0x000003ef       0x2d ./USB_DEVICE/App/usbd_desc.o
 .ARM.attributes
                0x0000041c       0x2d ./USB_DEVICE/Target/usbd_conf.o
 .ARM.attributes
                0x00000449       0x2d C:/ST/STM32CubeIDE_1.18.1/STM32CubeIDE/plugins/com.st.stm32cube.ide.mcu.externaltools.gnu-tools-for-stm32.13.3.rel1.win32_1.0.0.202411081344/tools/bin/../lib/gcc/arm-none-eabi/13.3.1/../../../../arm-none-eabi/lib/thumb/v7-m/nofp\libc_nano.a(libc_a-memset.o)
 .ARM.attributes
                0x00000476       0x2d C:/ST/STM32CubeIDE_1.18.1/STM32CubeIDE/plugins/com.st.stm32cube.ide.mcu.externaltools.gnu-tools-for-stm32.13.3.rel1.win32_1.0.0.202411081344/tools/bin/../lib/gcc/arm-none-eabi/13.3.1/../../../../arm-none-eabi/lib/thumb/v7-m/nofp\libc_nano.a(libc_a-init.o)
 .ARM.attributes
                0x000004a3       0x1b C:/ST/STM32CubeIDE_1.18.1/STM32CubeIDE/plugins/com.st.stm32cube.ide.mcu.externaltools.gnu-tools-for-stm32.13.3.rel1.win32_1.0.0.202411081344/tools/bin/../lib/gcc/arm-none-eabi/13.3.1/../../../../arm-none-eabi/lib/thumb/v7-m/nofp\libc_nano.a(libc_a-strcmp.o)
 .ARM.attributes
                0x000004be       0x2d C:/ST/STM32CubeIDE_1.18.1/STM32CubeIDE/plugins/com.st.stm32cube.ide.mcu.externaltools.gnu-tools-for-stm32.13.3.rel1.win32_1.0.0.202411081344/tools/bin/../lib/gcc/arm-none-eabi/13.3.1/../../../../arm-none-eabi/lib/thumb/v7-m/nofp\libc_nano.a(libc_a-memcpy-stub.o)
 .ARM.attributes
                0x000004eb       0x1d C:/ST/STM32CubeIDE_1.18.1/STM32CubeIDE/plugins/com.st.stm32cube.ide.mcu.externaltools.gnu-tools-for-stm32.13.3.rel1.win32_1.0.0.202411081344/tools/bin/../lib/gcc/arm-none-eabi/13.3.1/thumb/v7-m/nofp/crtn.o
OUTPUT(OpenWave_V0.1.elf elf32-littlearm)
LOAD linker stubs
LOAD C:/ST/STM32CubeIDE_1.18.1/STM32CubeIDE/plugins/com.st.stm32cube.ide.mcu.externaltools.gnu-tools-for-stm32.13.3.rel1.win32_1.0.0.202411081344/tools/bin/../lib/gcc/arm-none-eabi/13.3.1/../../../../arm-none-eabi/lib/thumb/v7-m/nofp\libc.a
LOAD C:/ST/STM32CubeIDE_1.18.1/STM32CubeIDE/plugins/com.st.stm32cube.ide.mcu.externaltools.gnu-tools-for-stm32.13.3.rel1.win32_1.0.0.202411081344/tools/bin/../lib/gcc/arm-none-eabi/13.3.1/../../../../arm-none-eabi/lib/thumb/v7-m/nofp\libm.a
LOAD C:/ST/STM32CubeIDE_1.18.1/STM32CubeIDE/plugins/com.st.stm32cube.ide.mcu.externaltools.gnu-tools-for-stm32.13.3.rel1.win32_1.0.0.202411081344/tools/bin/../lib/gcc/arm-none-eabi/13.3.1/thumb/v7-m/nofp\libgcc.a

.debug_info     0x00000000     0xe696
 .debug_info    0x00000000     0x1388 ./Core/Src/main.o
 .debug_info    0x00001388      0x81d ./Core/Src/stm32f1xx_hal_msp.o
 .debug_info    0x00001ba5      0x816 ./Core/Src/stm32f1xx_it.o
 .debug_info    0x000023bb      0x222 ./Core/Src/system_stm32f1xx.o
 .debug_info    0x000025dd       0x30 ./Core/Startup/startup_stm32f103c8tx.o
 .debug_info    0x0000260d      0x704 ./Drivers/STM32F1xx_HAL_Driver/Src/stm32f1xx_hal.o
 .debug_info    0x00002d11      0xc50 ./Drivers/STM32F1xx_HAL_Driver/Src/stm32f1xx_hal_adc.o
 .debug_info    0x00003961      0xa87 ./Drivers/STM32F1xx_HAL_Driver/Src/stm32f1xx_hal_cortex.o
 .debug_info    0x000043e8      0x6d2 ./Drivers/STM32F1xx_HAL_Driver/Src/stm32f1xx_hal_dma.o
 .debug_info    0x00004aba      0x5ab ./Drivers/STM32F1xx_HAL_Driver/Src/stm32f1xx_hal_gpio.o
 .debug_info    0x00005065     0x16dc ./Drivers/STM32F1xx_HAL_Driver/Src/stm32f1xx_hal_pcd.o
 .debug_info    0x00006741      0x6c3 ./Drivers/STM32F1xx_HAL_Driver/Src/stm32f1xx_hal_pcd_ex.o
 .debug_info    0x00006e04      0x7d5 ./Drivers/STM32F1xx_HAL_Driver/Src/stm32f1xx_hal_rcc.o
 .debug_info    0x000075d9      0x3c0 ./Drivers/STM32F1xx_HAL_Driver/Src/stm32f1xx_hal_rcc_ex.o
 .debug_info    0x00007999     0x17ae ./Drivers/STM32F1xx_HAL_Driver/Src/stm32f1xx_ll_usb.o
 .debug_info    0x00009147     0x1043 ./Middlewares/ST/STM32_USB_Device_Library/Class/CDC/Src/usbd_cdc.o
 .debug_info    0x0000a18a      0xa52 ./Middlewares/ST/STM32_USB_Device_Library/Core/Src/usbd_core.o
 .debug_info    0x0000abdc      0x91c ./Middlewares/ST/STM32_USB_Device_Library/Core/Src/usbd_ctlreq.o
 .debug_info    0x0000b4f8      0x6a0 ./Middlewares/ST/STM32_USB_Device_Library/Core/Src/usbd_ioreq.o
 .debug_info    0x0000bb98      0x63d ./USB_DEVICE/App/usb_device.o
 .debug_info    0x0000c1d5      0x813 ./USB_DEVICE/App/usbd_cdc_if.o
 .debug_info    0x0000c9e8      0x44a ./USB_DEVICE/App/usbd_desc.o
 .debug_info    0x0000ce32     0x1864 ./USB_DEVICE/Target/usbd_conf.o

.debug_abbrev   0x00000000     0x3016
 .debug_abbrev  0x00000000      0x383 ./Core/Src/main.o
 .debug_abbrev  0x00000383      0x1e3 ./Core/Src/stm32f1xx_hal_msp.o
 .debug_abbrev  0x00000566      0x1b4 ./Core/Src/stm32f1xx_it.o
 .debug_abbrev  0x0000071a      0x13f ./Core/Src/system_stm32f1xx.o
 .debug_abbrev  0x00000859       0x24 ./Core/Startup/startup_stm32f103c8tx.o
 .debug_abbrev  0x0000087d      0x201 ./Drivers/STM32F1xx_HAL_Driver/Src/stm32f1xx_hal.o
 .debug_abbrev  0x00000a7e      0x225 ./Drivers/STM32F1xx_HAL_Driver/Src/stm32f1xx_hal_adc.o
 .debug_abbrev  0x00000ca3      0x2f8 ./Drivers/STM32F1xx_HAL_Driver/Src/stm32f1xx_hal_cortex.o
 .debug_abbrev  0x00000f9b      0x20b ./Drivers/STM32F1xx_HAL_Driver/Src/stm32f1xx_hal_dma.o
 .debug_abbrev  0x000011a6      0x1ca ./Drivers/STM32F1xx_HAL_Driver/Src/stm32f1xx_hal_gpio.o
 .debug_abbrev  0x00001370      0x2d6 ./Drivers/STM32F1xx_HAL_Driver/Src/stm32f1xx_hal_pcd.o
 .debug_abbrev  0x00001646      0x189 ./Drivers/STM32F1xx_HAL_Driver/Src/stm32f1xx_hal_pcd_ex.o
 .debug_abbrev  0x000017cf      0x2b3 ./Drivers/STM32F1xx_HAL_Driver/Src/stm32f1xx_hal_rcc.o
 .debug_abbrev  0x00001a82      0x188 ./Drivers/STM32F1xx_HAL_Driver/Src/stm32f1xx_hal_rcc_ex.o
 .debug_abbrev  0x00001c0a      0x1de ./Drivers/STM32F1xx_HAL_Driver/Src/stm32f1xx_ll_usb.o
 .debug_abbrev  0x00001de8      0x2d3 ./Middlewares/ST/STM32_USB_Device_Library/Class/CDC/Src/usbd_cdc.o
 .debug_abbrev  0x000020bb      0x24a ./Middlewares/ST/STM32_USB_Device_Library/Core/Src/usbd_core.o
 .debug_abbrev  0x00002305      0x26b ./Middlewares/ST/STM32_USB_Device_Library/Core/Src/usbd_ctlreq.o
 .debug_abbrev  0x00002570      0x192 ./Middlewares/ST/STM32_USB_Device_Library/Core/Src/usbd_ioreq.o
 .debug_abbrev  0x00002702      0x18d ./USB_DEVICE/App/usb_device.o
 .debug_abbrev  0x0000288f      0x272 ./USB_DEVICE/App/usbd_cdc_if.o
 .debug_abbrev  0x00002b01      0x1ff ./USB_DEVICE/App/usbd_desc.o
 .debug_abbrev  0x00002d00      0x316 ./USB_DEVICE/Target/usbd_conf.o

.debug_aranges  0x00000000      0xc38
 .debug_aranges
                0x00000000       0x78 ./Core/Src/main.o
 .debug_aranges
                0x00000078       0x30 ./Core/Src/stm32f1xx_hal_msp.o
 .debug_aranges
                0x000000a8       0x70 ./Core/Src/stm32f1xx_it.o
 .debug_aranges
                0x00000118       0x28 ./Core/Src/system_stm32f1xx.o
 .debug_aranges
                0x00000140       0x28 ./Core/Startup/startup_stm32f103c8tx.o
 .debug_aranges
                0x00000168       0xe0 ./Drivers/STM32F1xx_HAL_Driver/Src/stm32f1xx_hal.o
 .debug_aranges
                0x00000248       0xf0 ./Drivers/STM32F1xx_HAL_Driver/Src/stm32f1xx_hal_adc.o
 .debug_aranges
                0x00000338      0x100 ./Drivers/STM32F1xx_HAL_Driver/Src/stm32f1xx_hal_cortex.o
 .debug_aranges
                0x00000438       0x80 ./Drivers/STM32F1xx_HAL_Driver/Src/stm32f1xx_hal_dma.o
 .debug_aranges
                0x000004b8       0x58 ./Drivers/STM32F1xx_HAL_Driver/Src/stm32f1xx_hal_gpio.o
 .debug_aranges
                0x00000510      0x140 ./Drivers/STM32F1xx_HAL_Driver/Src/stm32f1xx_hal_pcd.o
 .debug_aranges
                0x00000650       0x38 ./Drivers/STM32F1xx_HAL_Driver/Src/stm32f1xx_hal_pcd_ex.o
 .debug_aranges
                0x00000688       0x90 ./Drivers/STM32F1xx_HAL_Driver/Src/stm32f1xx_hal_rcc.o
 .debug_aranges
                0x00000718       0x30 ./Drivers/STM32F1xx_HAL_Driver/Src/stm32f1xx_hal_rcc_ex.o
 .debug_aranges
                0x00000748       0xf8 ./Drivers/STM32F1xx_HAL_Driver/Src/stm32f1xx_ll_usb.o
 .debug_aranges
                0x00000840       0x90 ./Middlewares/ST/STM32_USB_Device_Library/Class/CDC/Src/usbd_cdc.o
 .debug_aranges
                0x000008d0       0xb8 ./Middlewares/ST/STM32_USB_Device_Library/Core/Src/usbd_core.o
 .debug_aranges
                0x00000988       0x88 ./Middlewares/ST/STM32_USB_Device_Library/Core/Src/usbd_ctlreq.o
 .debug_aranges
                0x00000a10       0x50 ./Middlewares/ST/STM32_USB_Device_Library/Core/Src/usbd_ioreq.o
 .debug_aranges
                0x00000a60       0x20 ./USB_DEVICE/App/usb_device.o
 .debug_aranges
                0x00000a80       0x40 ./USB_DEVICE/App/usbd_cdc_if.o
 .debug_aranges
                0x00000ac0       0x60 ./USB_DEVICE/App/usbd_desc.o
 .debug_aranges
                0x00000b20      0x118 ./USB_DEVICE/Target/usbd_conf.o

.debug_rnglists
                0x00000000      0x8fe
 .debug_rnglists
                0x00000000       0x59 ./Core/Src/main.o
 .debug_rnglists
                0x00000059       0x20 ./Core/Src/stm32f1xx_hal_msp.o
 .debug_rnglists
                0x00000079       0x4f ./Core/Src/stm32f1xx_it.o
 .debug_rnglists
                0x000000c8       0x1a ./Core/Src/system_stm32f1xx.o
 .debug_rnglists
                0x000000e2       0x19 ./Core/Startup/startup_stm32f103c8tx.o
 .debug_rnglists
                0x000000fb       0xa3 ./Drivers/STM32F1xx_HAL_Driver/Src/stm32f1xx_hal.o
 .debug_rnglists
                0x0000019e       0xbc ./Drivers/STM32F1xx_HAL_Driver/Src/stm32f1xx_hal_adc.o
 .debug_rnglists
                0x0000025a       0xbb ./Drivers/STM32F1xx_HAL_Driver/Src/stm32f1xx_hal_cortex.o
 .debug_rnglists
                0x00000315       0x64 ./Drivers/STM32F1xx_HAL_Driver/Src/stm32f1xx_hal_dma.o
 .debug_rnglists
                0x00000379       0x3f ./Drivers/STM32F1xx_HAL_Driver/Src/stm32f1xx_hal_gpio.o
 .debug_rnglists
                0x000003b8       0xf4 ./Drivers/STM32F1xx_HAL_Driver/Src/stm32f1xx_hal_pcd.o
 .debug_rnglists
                0x000004ac       0x26 ./Drivers/STM32F1xx_HAL_Driver/Src/stm32f1xx_hal_pcd_ex.o
 .debug_rnglists
                0x000004d2       0x6c ./Drivers/STM32F1xx_HAL_Driver/Src/stm32f1xx_hal_rcc.o
 .debug_rnglists
                0x0000053e       0x21 ./Drivers/STM32F1xx_HAL_Driver/Src/stm32f1xx_hal_rcc_ex.o
 .debug_rnglists
                0x0000055f       0xbd ./Drivers/STM32F1xx_HAL_Driver/Src/stm32f1xx_ll_usb.o
 .debug_rnglists
                0x0000061c       0x6a ./Middlewares/ST/STM32_USB_Device_Library/Class/CDC/Src/usbd_cdc.o
 .debug_rnglists
                0x00000686       0x89 ./Middlewares/ST/STM32_USB_Device_Library/Core/Src/usbd_core.o
 .debug_rnglists
                0x0000070f       0x68 ./Middlewares/ST/STM32_USB_Device_Library/Core/Src/usbd_ctlreq.o
 .debug_rnglists
                0x00000777       0x37 ./Middlewares/ST/STM32_USB_Device_Library/Core/Src/usbd_ioreq.o
 .debug_rnglists
                0x000007ae       0x13 ./USB_DEVICE/App/usb_device.o
 .debug_rnglists
                0x000007c1       0x2c ./USB_DEVICE/App/usbd_cdc_if.o
 .debug_rnglists
                0x000007ed       0x43 ./USB_DEVICE/App/usbd_desc.o
 .debug_rnglists
                0x00000830       0xce ./USB_DEVICE/Target/usbd_conf.o

.debug_macro    0x00000000    0x19c49
 .debug_macro   0x00000000      0x38c ./Core/Src/main.o
 .debug_macro   0x0000038c      0xacc ./Core/Src/main.o
 .debug_macro   0x00000e58      0x221 ./Core/Src/main.o
 .debug_macro   0x00001079       0x2e ./Core/Src/main.o
 .debug_macro   0x000010a7       0x22 ./Core/Src/main.o
 .debug_macro   0x000010c9       0x22 ./Core/Src/main.o
 .debug_macro   0x000010eb       0x8e ./Core/Src/main.o
 .debug_macro   0x00001179       0x51 ./Core/Src/main.o
 .debug_macro   0x000011ca      0x103 ./Core/Src/main.o
 .debug_macro   0x000012cd       0x6a ./Core/Src/main.o
 .debug_macro   0x00001337      0x1df ./Core/Src/main.o
 .debug_macro   0x00001516       0x1c ./Core/Src/main.o
 .debug_macro   0x00001532       0x22 ./Core/Src/main.o
 .debug_macro   0x00001554       0xbd ./Core/Src/main.o
 .debug_macro   0x00001611      0xd23 ./Core/Src/main.o
 .debug_macro   0x00002334     0xe09e ./Core/Src/main.o
 .debug_macro   0x000103d2       0x6d ./Core/Src/main.o
 .debug_macro   0x0001043f     0x34a2 ./Core/Src/main.o
 .debug_macro   0x000138e1      0x190 ./Core/Src/main.o
 .debug_macro   0x00013a71       0x5c ./Core/Src/main.o
 .debug_macro   0x00013acd      0x5bc ./Core/Src/main.o
 .debug_macro   0x00014089      0x289 ./Core/Src/main.o
 .debug_macro   0x00014312      0x1cb ./Core/Src/main.o
 .debug_macro   0x000144dd      0x114 ./Core/Src/main.o
 .debug_macro   0x000145f1      0x1b2 ./Core/Src/main.o
 .debug_macro   0x000147a3       0x27 ./Core/Src/main.o
 .debug_macro   0x000147ca      0x136 ./Core/Src/main.o
 .debug_macro   0x00014900      0x1bc ./Core/Src/main.o
 .debug_macro   0x00014abc       0x34 ./Core/Src/main.o
 .debug_macro   0x00014af0       0x3c ./Core/Src/main.o
 .debug_macro   0x00014b2c       0x57 ./Core/Src/main.o
 .debug_macro   0x00014b83      0x46a ./Core/Src/main.o
 .debug_macro   0x00014fed      0x1b5 ./Core/Src/main.o
 .debug_macro   0x000151a2       0x87 ./Core/Src/main.o
 .debug_macro   0x00015229      0x240 ./Core/Src/main.o
 .debug_macro   0x00015469      0x140 ./Core/Src/main.o
 .debug_macro   0x000155a9       0xb7 ./Core/Src/main.o
 .debug_macro   0x00015660      0x242 ./Core/Src/main.o
 .debug_macro   0x000158a2       0x83 ./Core/Src/main.o
 .debug_macro   0x00015925       0x61 ./Core/Src/main.o
 .debug_macro   0x00015986       0x24 ./Core/Src/main.o
 .debug_macro   0x000159aa       0x43 ./Core/Src/main.o
 .debug_macro   0x000159ed       0x34 ./Core/Src/main.o
 .debug_macro   0x00015a21       0x16 ./Core/Src/main.o
 .debug_macro   0x00015a37       0x3c ./Core/Src/main.o
 .debug_macro   0x00015a73      0x370 ./Core/Src/main.o
 .debug_macro   0x00015de3       0x10 ./Core/Src/main.o
 .debug_macro   0x00015df3       0x16 ./Core/Src/main.o
 .debug_macro   0x00015e09       0x4a ./Core/Src/main.o
 .debug_macro   0x00015e53       0x34 ./Core/Src/main.o
 .debug_macro   0x00015e87       0x10 ./Core/Src/main.o
 .debug_macro   0x00015e97       0x58 ./Core/Src/main.o
 .debug_macro   0x00015eef       0x8e ./Core/Src/main.o
 .debug_macro   0x00015f7d       0x1c ./Core/Src/main.o
 .debug_macro   0x00015f99      0x185 ./Core/Src/main.o
 .debug_macro   0x0001611e       0x16 ./Core/Src/main.o
 .debug_macro   0x00016134       0x16 ./Core/Src/main.o
 .debug_macro   0x0001614a      0x146 ./Core/Src/main.o
 .debug_macro   0x00016290       0x16 ./Core/Src/main.o
 .debug_macro   0x000162a6       0x16 ./Core/Src/main.o
 .debug_macro   0x000162bc       0x29 ./Core/Src/main.o
 .debug_macro   0x000162e5       0x16 ./Core/Src/main.o
 .debug_macro   0x000162fb       0x20 ./Core/Src/main.o
 .debug_macro   0x0001631b       0x5f ./Core/Src/main.o
 .debug_macro   0x0001637a      0x1c8 ./Core/Src/main.o
 .debug_macro   0x00016542       0x8f ./Core/Src/main.o
 .debug_macro   0x000165d1       0x10 ./Core/Src/main.o
 .debug_macro   0x000165e1      0x1c6 ./Core/Src/stm32f1xx_hal_msp.o
 .debug_macro   0x000167a7      0x1d0 ./Core/Src/stm32f1xx_it.o
 .debug_macro   0x00016977      0x1bc ./Core/Src/system_stm32f1xx.o
 .debug_macro   0x00016b33      0x1e0 ./Drivers/STM32F1xx_HAL_Driver/Src/stm32f1xx_hal.o
 .debug_macro   0x00016d13      0x1d9 ./Drivers/STM32F1xx_HAL_Driver/Src/stm32f1xx_hal_adc.o
 .debug_macro   0x00016eec      0x1bc ./Drivers/STM32F1xx_HAL_Driver/Src/stm32f1xx_hal_cortex.o
 .debug_macro   0x000170a8      0x1bc ./Drivers/STM32F1xx_HAL_Driver/Src/stm32f1xx_hal_dma.o
 .debug_macro   0x00017264      0x227 ./Drivers/STM32F1xx_HAL_Driver/Src/stm32f1xx_hal_gpio.o
 .debug_macro   0x0001748b      0x1c8 ./Drivers/STM32F1xx_HAL_Driver/Src/stm32f1xx_hal_pcd.o
 .debug_macro   0x00017653      0x1bc ./Drivers/STM32F1xx_HAL_Driver/Src/stm32f1xx_hal_pcd_ex.o
 .debug_macro   0x0001780f      0x1ce ./Drivers/STM32F1xx_HAL_Driver/Src/stm32f1xx_hal_rcc.o
 .debug_macro   0x000179dd      0x1bc ./Drivers/STM32F1xx_HAL_Driver/Src/stm32f1xx_hal_rcc_ex.o
 .debug_macro   0x00017b99      0x1bc ./Drivers/STM32F1xx_HAL_Driver/Src/stm32f1xx_ll_usb.o
 .debug_macro   0x00017d55      0x355 ./Middlewares/ST/STM32_USB_Device_Library/Class/CDC/Src/usbd_cdc.o
 .debug_macro   0x000180aa       0x9e ./Middlewares/ST/STM32_USB_Device_Library/Class/CDC/Src/usbd_cdc.o
 .debug_macro   0x00018148      0x112 ./Middlewares/ST/STM32_USB_Device_Library/Class/CDC/Src/usbd_cdc.o
 .debug_macro   0x0001825a       0x56 ./Middlewares/ST/STM32_USB_Device_Library/Class/CDC/Src/usbd_cdc.o
 .debug_macro   0x000182b0      0x33c ./Middlewares/ST/STM32_USB_Device_Library/Core/Src/usbd_core.o
 .debug_macro   0x000185ec      0x1ce ./Middlewares/ST/STM32_USB_Device_Library/Core/Src/usbd_core.o
 .debug_macro   0x000187ba      0x346 ./Middlewares/ST/STM32_USB_Device_Library/Core/Src/usbd_ctlreq.o
 .debug_macro   0x00018b00      0x342 ./Middlewares/ST/STM32_USB_Device_Library/Core/Src/usbd_ioreq.o
 .debug_macro   0x00018e42      0x37b ./USB_DEVICE/App/usb_device.o
 .debug_macro   0x000191bd       0x22 ./USB_DEVICE/App/usb_device.o
 .debug_macro   0x000191df       0x16 ./USB_DEVICE/App/usb_device.o
 .debug_macro   0x000191f5      0x360 ./USB_DEVICE/App/usbd_cdc_if.o
 .debug_macro   0x00019555      0x379 ./USB_DEVICE/App/usbd_desc.o
 .debug_macro   0x000198ce       0x1c ./USB_DEVICE/App/usbd_desc.o
 .debug_macro   0x000198ea      0x35f ./USB_DEVICE/Target/usbd_conf.o

.debug_line     0x00000000    0x107a2
 .debug_line    0x00000000      0xc4d ./Core/Src/main.o
 .debug_line    0x00000c4d      0x79a ./Core/Src/stm32f1xx_hal_msp.o
 .debug_line    0x000013e7      0x80a ./Core/Src/stm32f1xx_it.o
 .debug_line    0x00001bf1      0x7aa ./Core/Src/system_stm32f1xx.o
 .debug_line    0x0000239b       0x78 ./Core/Startup/startup_stm32f103c8tx.o
 .debug_line    0x00002413      0x9db ./Drivers/STM32F1xx_HAL_Driver/Src/stm32f1xx_hal.o
 .debug_line    0x00002dee     0x1000 ./Drivers/STM32F1xx_HAL_Driver/Src/stm32f1xx_hal_adc.o
 .debug_line    0x00003dee      0xba5 ./Drivers/STM32F1xx_HAL_Driver/Src/stm32f1xx_hal_cortex.o
 .debug_line    0x00004993      0xde5 ./Drivers/STM32F1xx_HAL_Driver/Src/stm32f1xx_hal_dma.o
 .debug_line    0x00005778      0xa38 ./Drivers/STM32F1xx_HAL_Driver/Src/stm32f1xx_hal_gpio.o
 .debug_line    0x000061b0     0x1360 ./Drivers/STM32F1xx_HAL_Driver/Src/stm32f1xx_hal_pcd.o
 .debug_line    0x00007510      0x7a5 ./Drivers/STM32F1xx_HAL_Driver/Src/stm32f1xx_hal_pcd_ex.o
 .debug_line    0x00007cb5      0xe94 ./Drivers/STM32F1xx_HAL_Driver/Src/stm32f1xx_hal_rcc.o
 .debug_line    0x00008b49      0x945 ./Drivers/STM32F1xx_HAL_Driver/Src/stm32f1xx_hal_rcc_ex.o
 .debug_line    0x0000948e     0x114b ./Drivers/STM32F1xx_HAL_Driver/Src/stm32f1xx_ll_usb.o
 .debug_line    0x0000a5d9      0xd34 ./Middlewares/ST/STM32_USB_Device_Library/Class/CDC/Src/usbd_cdc.o
 .debug_line    0x0000b30d      0xd89 ./Middlewares/ST/STM32_USB_Device_Library/Core/Src/usbd_core.o
 .debug_line    0x0000c096      0xfd3 ./Middlewares/ST/STM32_USB_Device_Library/Core/Src/usbd_ctlreq.o
 .debug_line    0x0000d069      0xa3f ./Middlewares/ST/STM32_USB_Device_Library/Core/Src/usbd_ioreq.o
 .debug_line    0x0000daa8      0xa0f ./USB_DEVICE/App/usb_device.o
 .debug_line    0x0000e4b7      0xa48 ./USB_DEVICE/App/usbd_cdc_if.o
 .debug_line    0x0000eeff      0xab8 ./USB_DEVICE/App/usbd_desc.o
 .debug_line    0x0000f9b7      0xdeb ./USB_DEVICE/Target/usbd_conf.o

.debug_str      0x00000000    0x89b4e
 .debug_str     0x00000000    0x89b4e ./Core/Src/main.o
                              0x876a6 (size before relaxing)
 .debug_str     0x00089b4e    0x825db ./Core/Src/stm32f1xx_hal_msp.o
 .debug_str     0x00089b4e    0x82770 ./Core/Src/stm32f1xx_it.o
 .debug_str     0x00089b4e    0x821fa ./Core/Src/system_stm32f1xx.o
 .debug_str     0x00089b4e       0x85 ./Core/Startup/startup_stm32f103c8tx.o
 .debug_str     0x00089b4e    0x8292d ./Drivers/STM32F1xx_HAL_Driver/Src/stm32f1xx_hal.o
 .debug_str     0x00089b4e    0x828de ./Drivers/STM32F1xx_HAL_Driver/Src/stm32f1xx_hal_adc.o
 .debug_str     0x00089b4e    0x82879 ./Drivers/STM32F1xx_HAL_Driver/Src/stm32f1xx_hal_cortex.o
 .debug_str     0x00089b4e    0x825a3 ./Drivers/STM32F1xx_HAL_Driver/Src/stm32f1xx_hal_dma.o
 .debug_str     0x00089b4e    0x82580 ./Drivers/STM32F1xx_HAL_Driver/Src/stm32f1xx_hal_gpio.o
 .debug_str     0x00089b4e    0x82b17 ./Drivers/STM32F1xx_HAL_Driver/Src/stm32f1xx_hal_pcd.o
 .debug_str     0x00089b4e    0x82679 ./Drivers/STM32F1xx_HAL_Driver/Src/stm32f1xx_hal_pcd_ex.o
 .debug_str     0x00089b4e    0x82629 ./Drivers/STM32F1xx_HAL_Driver/Src/stm32f1xx_hal_rcc.o
 .debug_str     0x00089b4e    0x82379 ./Drivers/STM32F1xx_HAL_Driver/Src/stm32f1xx_hal_rcc_ex.o
 .debug_str     0x00089b4e    0x826cb ./Drivers/STM32F1xx_HAL_Driver/Src/stm32f1xx_ll_usb.o
 .debug_str     0x00089b4e    0x87166 ./Middlewares/ST/STM32_USB_Device_Library/Class/CDC/Src/usbd_cdc.o
 .debug_str     0x00089b4e    0x86a96 ./Middlewares/ST/STM32_USB_Device_Library/Core/Src/usbd_core.o
 .debug_str     0x00089b4e    0x869b0 ./Middlewares/ST/STM32_USB_Device_Library/Core/Src/usbd_ctlreq.o
 .debug_str     0x00089b4e    0x868dd ./Middlewares/ST/STM32_USB_Device_Library/Core/Src/usbd_ioreq.o
 .debug_str     0x00089b4e    0x86c66 ./USB_DEVICE/App/usb_device.o
 .debug_str     0x00089b4e    0x86c9d ./USB_DEVICE/App/usbd_cdc_if.o
 .debug_str     0x00089b4e    0x8680d ./USB_DEVICE/App/usbd_desc.o
 .debug_str     0x00089b4e    0x876f3 ./USB_DEVICE/Target/usbd_conf.o

.comment        0x00000000       0x43
 .comment       0x00000000       0x43 ./Core/Src/main.o
                                 0x44 (size before relaxing)
 .comment       0x00000043       0x44 ./Core/Src/stm32f1xx_hal_msp.o
 .comment       0x00000043       0x44 ./Core/Src/stm32f1xx_it.o
 .comment       0x00000043       0x44 ./Core/Src/system_stm32f1xx.o
 .comment       0x00000043       0x44 ./Drivers/STM32F1xx_HAL_Driver/Src/stm32f1xx_hal.o
 .comment       0x00000043       0x44 ./Drivers/STM32F1xx_HAL_Driver/Src/stm32f1xx_hal_adc.o
 .comment       0x00000043       0x44 ./Drivers/STM32F1xx_HAL_Driver/Src/stm32f1xx_hal_cortex.o
 .comment       0x00000043       0x44 ./Drivers/STM32F1xx_HAL_Driver/Src/stm32f1xx_hal_dma.o
 .comment       0x00000043       0x44 ./Drivers/STM32F1xx_HAL_Driver/Src/stm32f1xx_hal_gpio.o
 .comment       0x00000043       0x44 ./Drivers/STM32F1xx_HAL_Driver/Src/stm32f1xx_hal_pcd.o
 .comment       0x00000043       0x44 ./Drivers/STM32F1xx_HAL_Driver/Src/stm32f1xx_hal_pcd_ex.o
 .comment       0x00000043       0x44 ./Drivers/STM32F1xx_HAL_Driver/Src/stm32f1xx_hal_rcc.o
 .comment       0x00000043       0x44 ./Drivers/STM32F1xx_HAL_Driver/Src/stm32f1xx_hal_rcc_ex.o
 .comment       0x00000043       0x44 ./Drivers/STM32F1xx_HAL_Driver/Src/stm32f1xx_ll_usb.o
 .comment       0x00000043       0x44 ./Middlewares/ST/STM32_USB_Device_Library/Class/CDC/Src/usbd_cdc.o
 .comment       0x00000043       0x44 ./Middlewares/ST/STM32_USB_Device_Library/Core/Src/usbd_core.o
 .comment       0x00000043       0x44 ./Middlewares/ST/STM32_USB_Device_Library/Core/Src/usbd_ctlreq.o
 .comment       0x00000043       0x44 ./Middlewares/ST/STM32_USB_Device_Library/Core/Src/usbd_ioreq.o
 .comment       0x00000043       0x44 ./USB_DEVICE/App/usb_device.o
 .comment       0x00000043       0x44 ./USB_DEVICE/App/usbd_cdc_if.o
 .comment       0x00000043       0x44 ./USB_DEVICE/App/usbd_desc.o
 .comment       0x00000043       0x44 ./USB_DEVICE/Target/usbd_conf.o

.debug_frame    0x00000000     0x2fac
 .debug_frame   0x00000000      0x1a4 ./Core/Src/main.o
 .debug_frame   0x000001a4       0x80 ./Core/Src/stm32f1xx_hal_msp.o
 .debug_frame   0x00000224      0x13c ./Core/Src/stm32f1xx_it.o
 .debug_frame   0x00000360       0x58 ./Core/Src/system_stm32f1xx.o
 .debug_frame   0x000003b8      0x334 ./Drivers/STM32F1xx_HAL_Driver/Src/stm32f1xx_hal.o
 .debug_frame   0x000006ec      0x40c ./Drivers/STM32F1xx_HAL_Driver/Src/stm32f1xx_hal_adc.o
 .debug_frame   0x00000af8      0x428 ./Drivers/STM32F1xx_HAL_Driver/Src/stm32f1xx_hal_cortex.o
 .debug_frame   0x00000f20      0x208 ./Drivers/STM32F1xx_HAL_Driver/Src/stm32f1xx_hal_dma.o
 .debug_frame   0x00001128      0x14c ./Drivers/STM32F1xx_HAL_Driver/Src/stm32f1xx_hal_gpio.o
 .debug_frame   0x00001274      0x594 ./Drivers/STM32F1xx_HAL_Driver/Src/stm32f1xx_hal_pcd.o
 .debug_frame   0x00001808       0xb0 ./Drivers/STM32F1xx_HAL_Driver/Src/stm32f1xx_hal_pcd_ex.o
 .debug_frame   0x000018b8      0x218 ./Drivers/STM32F1xx_HAL_Driver/Src/stm32f1xx_hal_rcc.o
 .debug_frame   0x00001ad0       0x80 ./Drivers/STM32F1xx_HAL_Driver/Src/stm32f1xx_hal_rcc_ex.o
 .debug_frame   0x00001b50      0x470 ./Drivers/STM32F1xx_HAL_Driver/Src/stm32f1xx_ll_usb.o
 .debug_frame   0x00001fc0      0x248 ./Middlewares/ST/STM32_USB_Device_Library/Class/CDC/Src/usbd_cdc.o
 .debug_frame   0x00002208      0x300 ./Middlewares/ST/STM32_USB_Device_Library/Core/Src/usbd_core.o
 .debug_frame   0x00002508      0x218 ./Middlewares/ST/STM32_USB_Device_Library/Core/Src/usbd_ctlreq.o
 .debug_frame   0x00002720      0x10c ./Middlewares/ST/STM32_USB_Device_Library/Core/Src/usbd_ioreq.o
 .debug_frame   0x0000282c       0x2c ./USB_DEVICE/App/usb_device.o
 .debug_frame   0x00002858       0xbc ./USB_DEVICE/App/usbd_cdc_if.o
 .debug_frame   0x00002914      0x160 ./USB_DEVICE/App/usbd_desc.o
 .debug_frame   0x00002a74      0x4a4 ./USB_DEVICE/Target/usbd_conf.o
 .debug_frame   0x00002f18       0x20 C:/ST/STM32CubeIDE_1.18.1/STM32CubeIDE/plugins/com.st.stm32cube.ide.mcu.externaltools.gnu-tools-for-stm32.13.3.rel1.win32_1.0.0.202411081344/tools/bin/../lib/gcc/arm-none-eabi/13.3.1/../../../../arm-none-eabi/lib/thumb/v7-m/nofp\libc_nano.a(libc_a-memset.o)
 .debug_frame   0x00002f38       0x2c C:/ST/STM32CubeIDE_1.18.1/STM32CubeIDE/plugins/com.st.stm32cube.ide.mcu.externaltools.gnu-tools-for-stm32.13.3.rel1.win32_1.0.0.202411081344/tools/bin/../lib/gcc/arm-none-eabi/13.3.1/../../../../arm-none-eabi/lib/thumb/v7-m/nofp\libc_nano.a(libc_a-init.o)
 .debug_frame   0x00002f64       0x20 C:/ST/STM32CubeIDE_1.18.1/STM32CubeIDE/plugins/com.st.stm32cube.ide.mcu.externaltools.gnu-tools-for-stm32.13.3.rel1.win32_1.0.0.202411081344/tools/bin/../lib/gcc/arm-none-eabi/13.3.1/../../../../arm-none-eabi/lib/thumb/v7-m/nofp\libc_nano.a(libc_a-strcmp.o)
 .debug_frame   0x00002f84       0x28 C:/ST/STM32CubeIDE_1.18.1/STM32CubeIDE/plugins/com.st.stm32cube.ide.mcu.externaltools.gnu-tools-for-stm32.13.3.rel1.win32_1.0.0.202411081344/tools/bin/../lib/gcc/arm-none-eabi/13.3.1/../../../../arm-none-eabi/lib/thumb/v7-m/nofp\libc_nano.a(libc_a-memcpy-stub.o)

.debug_line_str
                0x00000000       0x69
 .debug_line_str
                0x00000000       0x69 ./Core/Startup/startup_stm32f103c8tx.o
