Archive member included to satisfy reference by file (symbol)

C:/ST/STM32CubeIDE_1.18.1/STM32CubeIDE/plugins/com.st.stm32cube.ide.mcu.externaltools.gnu-tools-for-stm32.13.3.rel1.win32_1.0.0.202411081344/tools/bin/../lib/gcc/arm-none-eabi/13.3.1/../../../../arm-none-eabi/lib/thumb/v7-m/nofp\libc_nano.a(libc_a-exit.o)
                              C:/ST/STM32CubeIDE_1.18.1/STM32CubeIDE/plugins/com.st.stm32cube.ide.mcu.externaltools.gnu-tools-for-stm32.13.3.rel1.win32_1.0.0.202411081344/tools/bin/../lib/gcc/arm-none-eabi/13.3.1/../../../../arm-none-eabi/lib/thumb/v7-m/nofp/crt0.o (exit)
C:/ST/STM32CubeIDE_1.18.1/STM32CubeIDE/plugins/com.st.stm32cube.ide.mcu.externaltools.gnu-tools-for-stm32.13.3.rel1.win32_1.0.0.202411081344/tools/bin/../lib/gcc/arm-none-eabi/13.3.1/../../../../arm-none-eabi/lib/thumb/v7-m/nofp\libc_nano.a(libc_a-findfp.o)
                              C:/ST/STM32CubeIDE_1.18.1/STM32CubeIDE/plugins/com.st.stm32cube.ide.mcu.externaltools.gnu-tools-for-stm32.13.3.rel1.win32_1.0.0.202411081344/tools/bin/../lib/gcc/arm-none-eabi/13.3.1/../../../../arm-none-eabi/lib/thumb/v7-m/nofp\libc_nano.a(libc_a-exit.o) (__stdio_exit_handler)
C:/ST/STM32CubeIDE_1.18.1/STM32CubeIDE/plugins/com.st.stm32cube.ide.mcu.externaltools.gnu-tools-for-stm32.13.3.rel1.win32_1.0.0.202411081344/tools/bin/../lib/gcc/arm-none-eabi/13.3.1/../../../../arm-none-eabi/lib/thumb/v7-m/nofp\libc_nano.a(libc_a-fwalk.o)
                              C:/ST/STM32CubeIDE_1.18.1/STM32CubeIDE/plugins/com.st.stm32cube.ide.mcu.externaltools.gnu-tools-for-stm32.13.3.rel1.win32_1.0.0.202411081344/tools/bin/../lib/gcc/arm-none-eabi/13.3.1/../../../../arm-none-eabi/lib/thumb/v7-m/nofp\libc_nano.a(libc_a-findfp.o) (_fwalk_sglue)
C:/ST/STM32CubeIDE_1.18.1/STM32CubeIDE/plugins/com.st.stm32cube.ide.mcu.externaltools.gnu-tools-for-stm32.13.3.rel1.win32_1.0.0.202411081344/tools/bin/../lib/gcc/arm-none-eabi/13.3.1/../../../../arm-none-eabi/lib/thumb/v7-m/nofp\libc_nano.a(libc_a-stdio.o)
                              C:/ST/STM32CubeIDE_1.18.1/STM32CubeIDE/plugins/com.st.stm32cube.ide.mcu.externaltools.gnu-tools-for-stm32.13.3.rel1.win32_1.0.0.202411081344/tools/bin/../lib/gcc/arm-none-eabi/13.3.1/../../../../arm-none-eabi/lib/thumb/v7-m/nofp\libc_nano.a(libc_a-findfp.o) (__sread)
C:/ST/STM32CubeIDE_1.18.1/STM32CubeIDE/plugins/com.st.stm32cube.ide.mcu.externaltools.gnu-tools-for-stm32.13.3.rel1.win32_1.0.0.202411081344/tools/bin/../lib/gcc/arm-none-eabi/13.3.1/../../../../arm-none-eabi/lib/thumb/v7-m/nofp\libc_nano.a(libc_a-memset.o)
                              C:/ST/STM32CubeIDE_1.18.1/STM32CubeIDE/plugins/com.st.stm32cube.ide.mcu.externaltools.gnu-tools-for-stm32.13.3.rel1.win32_1.0.0.202411081344/tools/bin/../lib/gcc/arm-none-eabi/13.3.1/../../../../arm-none-eabi/lib/thumb/v7-m/nofp/crt0.o (memset)
C:/ST/STM32CubeIDE_1.18.1/STM32CubeIDE/plugins/com.st.stm32cube.ide.mcu.externaltools.gnu-tools-for-stm32.13.3.rel1.win32_1.0.0.202411081344/tools/bin/../lib/gcc/arm-none-eabi/13.3.1/../../../../arm-none-eabi/lib/thumb/v7-m/nofp\libc_nano.a(libc_a-closer.o)
                              C:/ST/STM32CubeIDE_1.18.1/STM32CubeIDE/plugins/com.st.stm32cube.ide.mcu.externaltools.gnu-tools-for-stm32.13.3.rel1.win32_1.0.0.202411081344/tools/bin/../lib/gcc/arm-none-eabi/13.3.1/../../../../arm-none-eabi/lib/thumb/v7-m/nofp\libc_nano.a(libc_a-stdio.o) (_close_r)
C:/ST/STM32CubeIDE_1.18.1/STM32CubeIDE/plugins/com.st.stm32cube.ide.mcu.externaltools.gnu-tools-for-stm32.13.3.rel1.win32_1.0.0.202411081344/tools/bin/../lib/gcc/arm-none-eabi/13.3.1/../../../../arm-none-eabi/lib/thumb/v7-m/nofp\libc_nano.a(libc_a-reent.o)
                              C:/ST/STM32CubeIDE_1.18.1/STM32CubeIDE/plugins/com.st.stm32cube.ide.mcu.externaltools.gnu-tools-for-stm32.13.3.rel1.win32_1.0.0.202411081344/tools/bin/../lib/gcc/arm-none-eabi/13.3.1/../../../../arm-none-eabi/lib/thumb/v7-m/nofp\libc_nano.a(libc_a-closer.o) (errno)
C:/ST/STM32CubeIDE_1.18.1/STM32CubeIDE/plugins/com.st.stm32cube.ide.mcu.externaltools.gnu-tools-for-stm32.13.3.rel1.win32_1.0.0.202411081344/tools/bin/../lib/gcc/arm-none-eabi/13.3.1/../../../../arm-none-eabi/lib/thumb/v7-m/nofp\libc_nano.a(libc_a-impure.o)
                              C:/ST/STM32CubeIDE_1.18.1/STM32CubeIDE/plugins/com.st.stm32cube.ide.mcu.externaltools.gnu-tools-for-stm32.13.3.rel1.win32_1.0.0.202411081344/tools/bin/../lib/gcc/arm-none-eabi/13.3.1/../../../../arm-none-eabi/lib/thumb/v7-m/nofp\libc_nano.a(libc_a-reent.o) (_impure_ptr)
C:/ST/STM32CubeIDE_1.18.1/STM32CubeIDE/plugins/com.st.stm32cube.ide.mcu.externaltools.gnu-tools-for-stm32.13.3.rel1.win32_1.0.0.202411081344/tools/bin/../lib/gcc/arm-none-eabi/13.3.1/../../../../arm-none-eabi/lib/thumb/v7-m/nofp\libc_nano.a(libc_a-lseekr.o)
[...]
Memory Configuration

Name             Origin             Length             Attributes
RAM              0x20000000         0x00005000         xrw
FLASH            0x08000000         0x00010000         xr
*default*        0x00000000         0xffffffff

Linker script and memory map

LOAD C:/ST/STM32CubeIDE_1.18.1/STM32CubeIDE/plugins/com.st.stm32cube.ide.mcu.externaltools.gnu-tools-for-stm32.13.3.rel1.win32_1.0.0.202411081344/tools/bin/../lib/gcc/arm-none-eabi/13.3.1/thumb/v7-m/nofp/crti.o
LOAD C:/ST/STM32CubeIDE_1.18.1/STM32CubeIDE/plugins/com.st.stm32cube.ide.mcu.externaltools.gnu-tools-for-stm32.13.3.rel1.win32_1.0.0.202411081344/tools/bin/../lib/gcc/arm-none-eabi/13.3.1/thumb/v7-m/nofp/crtbegin.o
LOAD C:/ST/STM32CubeIDE_1.18.1/STM32CubeIDE/plugins/com.st.stm32cube.ide.mcu.externaltools.gnu-tools-for-stm32.13.3.rel1.win32_1.0.0.202411081344/tools/bin/../lib/gcc/arm-none-eabi/13.3.1/../../../../arm-none-eabi/lib/thumb/v7-m/nofp/crt0.o
LOAD ./Core/Src/main.o
LOAD ./Core/Src/stm32f1xx_hal_msp.o
LOAD ./Core/Src/stm32f1xx_it.o
LOAD ./Core/Src/syscalls.o
LOAD ./Core/Src/sysmem.o
LOAD ./Core/Src/system_stm32f1xx.o
LOAD ./Core/Startup/startup_stm32f103c8tx.o
LOAD ./Drivers/STM32F1xx_HAL_Driver/Src/stm32f1xx_hal.o
LOAD ./Drivers/STM32F1xx_HAL_Driver/Src/stm32f1xx_hal_adc.o
LOAD ./Drivers/STM32F1xx_HAL_Driver/Src/stm32f1xx_hal_adc_ex.o
LOAD ./Drivers/STM32F1xx_HAL_Driver/Src/stm32f1xx_hal_cortex.o
LOAD ./Drivers/STM32F1xx_HAL_Driver/Src/stm32f1xx_hal_dma.o
LOAD ./Drivers/STM32F1xx_HAL_Driver/Src/stm32f1xx_hal_exti.o
LOAD ./Drivers/STM32F1xx_HAL_Driver/Src/stm32f1xx_hal_flash.o
LOAD ./Drivers/STM32F1xx_HAL_Driver/Src/stm32f1xx_hal_flash_ex.o
LOAD ./Drivers/STM32F1xx_HAL_Driver/Src/stm32f1xx_hal_gpio.o
LOAD ./Drivers/STM32F1xx_HAL_Driver/Src/stm32f1xx_hal_gpio_ex.o
LOAD ./Drivers/STM32F1xx_HAL_Driver/Src/stm32f1xx_hal_pcd.o
LOAD ./Drivers/STM32F1xx_HAL_Driver/Src/stm32f1xx_hal_pcd_ex.o
LOAD ./Drivers/STM32F1xx_HAL_Driver/Src/stm32f1xx_hal_pwr.o
LOAD ./Drivers/STM32F1xx_HAL_Driver/Src/stm32f1xx_hal_rcc.o
LOAD ./Drivers/STM32F1xx_HAL_Driver/Src/stm32f1xx_hal_rcc_ex.o
LOAD ./Drivers/STM32F1xx_HAL_Driver/Src/stm32f1xx_hal_tim.o
LOAD ./Drivers/STM32F1xx_HAL_Driver/Src/stm32f1xx_hal_tim_ex.o
LOAD ./Drivers/STM32F1xx_HAL_Driver/Src/stm32f1xx_ll_usb.o
LOAD ./Middlewares/ST/STM32_USB_Device_Library/Class/CDC/Src/usbd_cdc.o
LOAD ./Middlewares/ST/STM32_USB_Device_Library/Core/Src/usbd_core.o
LOAD ./Middlewares/ST/STM32_USB_Device_Library/Core/Src/usbd_ctlreq.o
LOAD ./Middlewares/ST/STM32_USB_Device_Library/Core/Src/usbd_ioreq.o
LOAD ./USB_DEVICE/App/usb_device.o
LOAD ./USB_DEVICE/App/usbd_cdc_if.o
LOAD ./USB_DEVICE/App/usbd_desc.o
LOAD ./USB_DEVICE/Target/usbd_conf.o
START GROUP
LOAD C:/ST/STM32CubeIDE_1.18.1/STM32CubeIDE/plugins/com.st.stm32cube.ide.mcu.externaltools.gnu-tools-for-stm32.13.3.rel1.win32_1.0.0.202411081344/tools/bin/../lib/gcc/arm-none-eabi/13.3.1/../../../../arm-none-eabi/lib/thumb/v7-m/nofp\libc_nano.a
LOAD C:/ST/STM32CubeIDE_1.18.1/STM32CubeIDE/plugins/com.st.stm32cube.ide.mcu.externaltools.gnu-tools-for-stm32.13.3.rel1.win32_1.0.0.202411081344/tools/bin/../lib/gcc/arm-none-eabi/13.3.1/../../../../arm-none-eabi/lib/thumb/v7-m/nofp\libm.a
END GROUP
START GROUP
LOAD C:/ST/STM32CubeIDE_1.18.1/STM32CubeIDE/plugins/com.st.stm32cube.ide.mcu.externaltools.gnu-tools-for-stm32.13.3.rel1.win32_1.0.0.202411081344/tools/bin/../lib/gcc/arm-none-eabi/13.3.1/thumb/v7-m/nofp\libgcc.a
LOAD C:/ST/STM32CubeIDE_1.18.1/STM32CubeIDE/plugins/com.st.stm32cube.ide.mcu.externaltools.gnu-tools-for-stm32.13.3.rel1.win32_1.0.0.202411081344/tools/bin/../lib/gcc/arm-none-eabi/13.3.1/../../../../arm-none-eabi/lib/thumb/v7-m/nofp\libc_nano.a
END GROUP
START GROUP
LOAD C:/ST/STM32CubeIDE_1.18.1/STM32CubeIDE/plugins/com.st.stm32cube.ide.mcu.externaltools.gnu-tools-for-stm32.13.3.rel1.win32_1.0.0.202411081344/tools/bin/../lib/gcc/arm-none-eabi/13.3.1/thumb/v7-m/nofp\libgcc.a
LOAD C:/ST/STM32CubeIDE_1.18.1/STM32CubeIDE/plugins/com.st.stm32cube.ide.mcu.externaltools.gnu-tools-for-stm32.13.3.rel1.win32_1.0.0.202411081344/tools/bin/../lib/gcc/arm-none-eabi/13.3.1/../../../../arm-none-eabi/lib/thumb/v7-m/nofp\libc_nano.a
LOAD C:/ST/STM32CubeIDE_1.18.1/STM32CubeIDE/plugins/com.st.stm32cube.ide.mcu.externaltools.gnu-tools-for-stm32.13.3.rel1.win32_1.0.0.202411081344/tools/bin/../lib/gcc/arm-none-eabi/13.3.1/../../../../arm-none-eabi/lib/thumb/v7-m/nofp\libnosys.a
END GROUP
START GROUP
LOAD C:/ST/STM32CubeIDE_1.18.1/STM32CubeIDE/plugins/com.st.stm32cube.ide.mcu.externaltools.gnu-tools-for-stm32.13.3.rel1.win32_1.0.0.202411081344/tools/bin/../lib/gcc/arm-none-eabi/13.3.1/thumb/v7-m/nofp\libgcc.a
LOAD C:/ST/STM32CubeIDE_1.18.1/STM32CubeIDE/plugins/com.st.stm32cube.ide.mcu.externaltools.gnu-tools-for-stm32.13.3.rel1.win32_1.0.0.202411081344/tools/bin/../lib/gcc/arm-none-eabi/13.3.1/../../../../arm-none-eabi/lib/thumb/v7-m/nofp\libc_nano.a
LOAD C:/ST/STM32CubeIDE_1.18.1/STM32CubeIDE/plugins/com.st.stm32cube.ide.mcu.externaltools.gnu-tools-for-stm32.13.3.rel1.win32_1.0.0.202411081344/tools/bin/../lib/gcc/arm-none-eabi/13.3.1/../../../../arm-none-eabi/lib/thumb/v7-m/nofp\libnosys.a
END GROUP
LOAD C:/ST/STM32CubeIDE_1.18.1/STM32CubeIDE/plugins/com.st.stm32cube.ide.mcu.externaltools.gnu-tools-for-stm32.13.3.rel1.win32_1.0.0.202411081344/tools/bin/../lib/gcc/arm-none-eabi/13.3.1/thumb/v7-m/nofp/crtend.o
LOAD C:/ST/STM32CubeIDE_1.18.1/STM32CubeIDE/plugins/com.st.stm32cube.ide.mcu.externaltools.gnu-tools-for-stm32.13.3.rel1.win32_1.0.0.202411081344/tools/bin/../lib/gcc/arm-none-eabi/13.3.1/thumb/v7-m/nofp/crtn.o
                0x20005000                        _estack = (ORIGIN (RAM) + LENGTH (RAM))
                0x00000200                        _Min_Heap_Size = 0x200
                0x00000400                        _Min_Stack_Size = 0x400

.isr_vector     0x08000000      0x10c
                0x08000000                        . = ALIGN (0x4)
 *(.isr_vector)
 .isr_vector    0x08000000      0x10c ./Core/Startup/startup_stm32f103c8tx.o
                0x08000000                g_pfnVectors
                0x0800010c                        . = ALIGN (0x4)

.text           0x0800010c     0x408c
                0x0800010c                        . = ALIGN (0x4)
 *(.text)
 .text          0x0800010c       0x40 C:/ST/STM32CubeIDE_1.18.1/STM32CubeIDE/plugins/com.st.stm32cube.ide.mcu.externaltools.gnu-tools-for-stm32.13.3.rel1.win32_1.0.0.202411081344/tools/bin/../lib/gcc/arm-none-eabi/13.3.1/thumb/v7-m/nofp/crtbegin.o
 .text          0x0800014c       0x14 C:/ST/STM32CubeIDE_1.18.1/STM32CubeIDE/plugins/com.st.stm32cube.ide.mcu.externaltools.gnu-tools-for-stm32.13.3.rel1.win32_1.0.0.202411081344/tools/bin/../lib/gcc/arm-none-eabi/13.3.1/../../../../arm-none-eabi/lib/thumb/v7-m/nofp\libc_nano.a(libc_a-strcmp.o)
                0x0800014c                strcmp
 .text          0x08000160       0x10 C:/ST/STM32CubeIDE_1.18.1/STM32CubeIDE/plugins/com.st.stm32cube.ide.mcu.externaltools.gnu-tools-for-stm32.13.3.rel1.win32_1.0.0.202411081344/tools/bin/../lib/gcc/arm-none-eabi/13.3.1/../../../../arm-none-eabi/lib/thumb/v7-m/nofp\libc_nano.a(libc_a-strlen.o)
                0x08000160                strlen
 *(.text*)
 .text.send_adc_data
                0x08000170       0x34 ./Core/Src/main.o
                0x08000170                send_adc_data
 .text.HAL_ADC_ConvCpltCallback
                0x080001a4        0xc ./Core/Src/main.o
                0x080001a4                HAL_ADC_ConvCpltCallback
 .text.My_USB_RxHandler
                0x080001b0       0x44 ./Core/Src/main.o
                0x080001b0                My_USB_RxHandler
 .text.DWT_Init
                0x080001f4       0x28 ./Core/Src/main.o
                0x080001f4                DWT_Init
 .text.DWT_GetMicros
                0x0800021c       0x20 ./Core/Src/main.o
                0x0800021c                DWT_GetMicros
 .text.DWT_GetDeltaMicros
                0x0800023c        0xc ./Core/Src/main.o
                0x0800023c                DWT_GetDeltaMicros
 .text.SystemClock_Config
                0x08000248       0x82 ./Core/Src/main.o
                0x08000248                SystemClock_Config
 *fill*         0x080002ca        0x2 
 .text.startup.main
                0x080002cc      0x238 ./Core/Src/main.o
                0x080002cc                main
 .text.Error_Handler
                0x08000504        0x4 ./Core/Src/main.o
                0x08000504                Error_Handler
 .text.HAL_MspInit
                0x08000508       0x44 ./Core/Src/stm32f1xx_hal_msp.o
                0x08000508                HAL_MspInit
 .text.HAL_ADC_MspInit
                0x0800054c       0x98 ./Core/Src/stm32f1xx_hal_msp.o
                0x0800054c                HAL_ADC_MspInit
 .text.HAL_TIM_Base_MspInit
                0x080005e4       0x28 ./Core/Src/stm32f1xx_hal_msp.o
                0x080005e4                HAL_TIM_Base_MspInit
 .text.HAL_TIM_MspPostInit
                0x0800060c       0x4c ./Core/Src/stm32f1xx_hal_msp.o
                0x0800060c                HAL_TIM_MspPostInit
 .text.NMI_Handler
                0x08000658        0x2 ./Core/Src/stm32f1xx_it.o
                0x08000658                NMI_Handler
 .text.HardFault_Handler
                0x0800065a        0x2 ./Core/Src/stm32f1xx_it.o
                0x0800065a                HardFault_Handler
 .text.MemManage_Handler
                0x0800065c        0x2 ./Core/Src/stm32f1xx_it.o
                0x0800065c                MemManage_Handler
 .text.BusFault_Handler
                0x0800065e        0x2 ./Core/Src/stm32f1xx_it.o
                0x0800065e                BusFault_Handler
 .text.UsageFault_Handler
                0x08000660        0x2 ./Core/Src/stm32f1xx_it.o
                0x08000660                UsageFault_Handler
 .text.SVC_Handler
                0x08000662        0x2 ./Core/Src/stm32f1xx_it.o
                0x08000662                SVC_Handler
 .text.DebugMon_Handler
                0x08000664        0x2 ./Core/Src/stm32f1xx_it.o
                0x08000664                DebugMon_Handler
 .text.PendSV_Handler
                0x08000666        0x2 ./Core/Src/stm32f1xx_it.o
                0x08000666                PendSV_Handler
 .text.SysTick_Handler
                0x08000668        0x4 ./Core/Src/stm32f1xx_it.o
                0x08000668                SysTick_Handler
 .text.DMA1_Channel1_IRQHandler
                0x0800066c        0xc ./Core/Src/stm32f1xx_it.o
                0x0800066c                DMA1_Channel1_IRQHandler
 .text.USB_LP_CAN1_RX0_IRQHandler
                0x08000678        0xc ./Core/Src/stm32f1xx_it.o
                0x08000678                USB_LP_CAN1_RX0_IRQHandler
 .text.SystemInit
                0x08000684        0x2 ./Core/Src/system_stm32f1xx.o
                0x08000684                SystemInit
 *fill*         0x08000686        0x2 
 .text.Reset_Handler
                0x08000688       0x48 ./Core/Startup/startup_stm32f103c8tx.o
                0x08000688                Reset_Handler
 .text.Default_Handler
                0x080006d0        0x2 ./Core/Startup/startup_stm32f103c8tx.o
                0x080006d0                RTC_Alarm_IRQHandler
                0x080006d0                EXTI2_IRQHandler
                0x080006d0                TIM1_CC_IRQHandler
                0x080006d0                PVD_IRQHandler
                0x080006d0                EXTI3_IRQHandler
                0x080006d0                EXTI0_IRQHandler
                0x080006d0                I2C2_EV_IRQHandler
                0x080006d0                ADC1_2_IRQHandler
                0x080006d0                SPI1_IRQHandler
                0x080006d0                TAMPER_IRQHandler
                0x080006d0                DMA1_Channel4_IRQHandler
                0x080006d0                USART3_IRQHandler
                0x080006d0                RTC_IRQHandler
                0x080006d0                DMA1_Channel7_IRQHandler
                0x080006d0                CAN1_RX1_IRQHandler
                0x080006d0                TIM4_IRQHandler
                0x080006d0                I2C1_EV_IRQHandler
                0x080006d0                DMA1_Channel6_IRQHandler
                0x080006d0                TIM3_IRQHandler
                0x080006d0                RCC_IRQHandler
                0x080006d0                TIM1_TRG_COM_IRQHandler
                0x080006d0                Default_Handler
                0x080006d0                EXTI15_10_IRQHandler
                0x080006d0                EXTI9_5_IRQHandler
                0x080006d0                SPI2_IRQHandler
                0x080006d0                DMA1_Channel5_IRQHandler
                0x080006d0                EXTI4_IRQHandler
                0x080006d0                USB_HP_CAN1_TX_IRQHandler
                0x080006d0                DMA1_Channel3_IRQHandler
                0x080006d0                TIM1_UP_IRQHandler
                0x080006d0                WWDG_IRQHandler
                0x080006d0                TIM2_IRQHandler
                0x080006d0                TIM1_BRK_IRQHandler
                0x080006d0                EXTI1_IRQHandler
                0x080006d0                USART2_IRQHandler
                0x080006d0                I2C2_ER_IRQHandler
                0x080006d0                DMA1_Channel2_IRQHandler
                0x080006d0                CAN1_SCE_IRQHandler
                0x080006d0                FLASH_IRQHandler
                0x080006d0                USART1_IRQHandler
                0x080006d0                I2C1_ER_IRQHandler
                0x080006d0                USBWakeUp_IRQHandler
 *fill*         0x080006d2        0x2 
 .text.HAL_InitTick
                0x080006d4       0x48 ./Drivers/STM32F1xx_HAL_Driver/Src/stm32f1xx_hal.o
                0x080006d4                HAL_InitTick
 .text.HAL_Init
                0x0800071c       0x24 ./Drivers/STM32F1xx_HAL_Driver/Src/stm32f1xx_hal.o
                0x0800071c                HAL_Init
 .text.HAL_IncTick
                0x08000740       0x18 ./Drivers/STM32F1xx_HAL_Driver/Src/stm32f1xx_hal.o
                0x08000740                HAL_IncTick
 .text.HAL_GetTick
                0x08000758        0xc ./Drivers/STM32F1xx_HAL_Driver/Src/stm32f1xx_hal.o
                0x08000758                HAL_GetTick
 .text.HAL_Delay
                0x08000764       0x24 ./Drivers/STM32F1xx_HAL_Driver/Src/stm32f1xx_hal.o
                0x08000764                HAL_Delay
 .text.ADC_DMAConvCplt
                0x08000788       0x4e ./Drivers/STM32F1xx_HAL_Driver/Src/stm32f1xx_hal_adc.o
                0x08000788                ADC_DMAConvCplt
 .text.HAL_ADC_ConvHalfCpltCallback
                0x080007d6        0x2 ./Drivers/STM32F1xx_HAL_Driver/Src/stm32f1xx_hal_adc.o
                0x080007d6                HAL_ADC_ConvHalfCpltCallback
 .text.ADC_DMAHalfConvCplt
                0x080007d8        0xa ./Drivers/STM32F1xx_HAL_Driver/Src/stm32f1xx_hal_adc.o
                0x080007d8                ADC_DMAHalfConvCplt
 .text.HAL_ADC_ErrorCallback
                0x080007e2        0x2 ./Drivers/STM32F1xx_HAL_Driver/Src/stm32f1xx_hal_adc.o
                0x080007e2                HAL_ADC_ErrorCallback
 .text.ADC_DMAError
                0x080007e4       0x1a ./Drivers/STM32F1xx_HAL_Driver/Src/stm32f1xx_hal_adc.o
                0x080007e4                ADC_DMAError
 *fill*         0x080007fe        0x2 
 .text.HAL_ADC_ConfigChannel
                0x08000800       0xfc ./Drivers/STM32F1xx_HAL_Driver/Src/stm32f1xx_hal_adc.o
                0x08000800                HAL_ADC_ConfigChannel
 .text.ADC_Enable
                0x080008fc       0x78 ./Drivers/STM32F1xx_HAL_Driver/Src/stm32f1xx_hal_adc.o
                0x080008fc                ADC_Enable
 .text.HAL_ADC_Start_DMA
                0x08000974      0x11c ./Drivers/STM32F1xx_HAL_Driver/Src/stm32f1xx_hal_adc.o
                0x08000974                HAL_ADC_Start_DMA
 .text.ADC_ConversionStop_Disable
                0x08000a90       0x4c ./Drivers/STM32F1xx_HAL_Driver/Src/stm32f1xx_hal_adc.o
                0x08000a90                ADC_ConversionStop_Disable
 .text.HAL_ADC_Init
                0x08000adc       0xfc ./Drivers/STM32F1xx_HAL_Driver/Src/stm32f1xx_hal_adc.o
                0x08000adc                HAL_ADC_Init
 .text.HAL_NVIC_SetPriorityGrouping
                0x08000bd8       0x24 ./Drivers/STM32F1xx_HAL_Driver/Src/stm32f1xx_hal_cortex.o
                0x08000bd8                HAL_NVIC_SetPriorityGrouping
 .text.HAL_NVIC_SetPriority
                0x08000bfc       0x60 ./Drivers/STM32F1xx_HAL_Driver/Src/stm32f1xx_hal_cortex.o
                0x08000bfc                HAL_NVIC_SetPriority
 .text.HAL_NVIC_EnableIRQ
                0x08000c5c       0x1c ./Drivers/STM32F1xx_HAL_Driver/Src/stm32f1xx_hal_cortex.o
                0x08000c5c                HAL_NVIC_EnableIRQ
 .text.HAL_SYSTICK_Config
                0x08000c78       0x28 ./Drivers/STM32F1xx_HAL_Driver/Src/stm32f1xx_hal_cortex.o
                0x08000c78                HAL_SYSTICK_Config
 .text.HAL_DMA_Init
                0x08000ca0       0x60 ./Drivers/STM32F1xx_HAL_Driver/Src/stm32f1xx_hal_dma.o
                0x08000ca0                HAL_DMA_Init
 .text.HAL_DMA_Start_IT
                0x08000d00       0x78 ./Drivers/STM32F1xx_HAL_Driver/Src/stm32f1xx_hal_dma.o
                0x08000d00                HAL_DMA_Start_IT
 .text.HAL_DMA_IRQHandler
                0x08000d78      0x128 ./Drivers/STM32F1xx_HAL_Driver/Src/stm32f1xx_hal_dma.o
                0x08000d78                HAL_DMA_IRQHandler
 .text.HAL_GPIO_Init
                0x08000ea0      0x1a8 ./Drivers/STM32F1xx_HAL_Driver/Src/stm32f1xx_hal_gpio.o
                0x08000ea0                HAL_GPIO_Init
 .text.HAL_GPIO_WritePin
                0x08001048        0xa ./Drivers/STM32F1xx_HAL_Driver/Src/stm32f1xx_hal_gpio.o
                0x08001048                HAL_GPIO_WritePin
 .text.HAL_PCD_Init
                0x08001052       0xc6 ./Drivers/STM32F1xx_HAL_Driver/Src/stm32f1xx_hal_pcd.o
                0x08001052                HAL_PCD_Init
 .text.HAL_PCD_Start
                0x08001118       0x32 ./Drivers/STM32F1xx_HAL_Driver/Src/stm32f1xx_hal_pcd.o
                0x08001118                HAL_PCD_Start
 .text.HAL_PCD_SetAddress
                0x0800114a       0x26 ./Drivers/STM32F1xx_HAL_Driver/Src/stm32f1xx_hal_pcd.o
                0x0800114a                HAL_PCD_SetAddress
 .text.HAL_PCD_IRQHandler
                0x08001170      0xa08 ./Drivers/STM32F1xx_HAL_Driver/Src/stm32f1xx_hal_pcd.o
                0x08001170                HAL_PCD_IRQHandler
 .text.HAL_PCD_EP_Open
                0x08001b78       0x60 ./Drivers/STM32F1xx_HAL_Driver/Src/stm32f1xx_hal_pcd.o
                0x08001b78                HAL_PCD_EP_Open
 .text.HAL_PCD_EP_Close
                0x08001bd8       0x50 ./Drivers/STM32F1xx_HAL_Driver/Src/stm32f1xx_hal_pcd.o
                0x08001bd8                HAL_PCD_EP_Close
 .text.HAL_PCD_EP_Receive
                0x08001c28       0x2e ./Drivers/STM32F1xx_HAL_Driver/Src/stm32f1xx_hal_pcd.o
                0x08001c28                HAL_PCD_EP_Receive
 .text.HAL_PCD_EP_GetRxCount
                0x08001c56       0x10 ./Drivers/STM32F1xx_HAL_Driver/Src/stm32f1xx_hal_pcd.o
                0x08001c56                HAL_PCD_EP_GetRxCount
 .text.HAL_PCD_EP_Transmit
                0x08001c66       0x30 ./Drivers/STM32F1xx_HAL_Driver/Src/stm32f1xx_hal_pcd.o
                0x08001c66                HAL_PCD_EP_Transmit
 .text.HAL_PCD_EP_SetStall
                0x08001c96       0x6c ./Drivers/STM32F1xx_HAL_Driver/Src/stm32f1xx_hal_pcd.o
                0x08001c96                HAL_PCD_EP_SetStall
 .text.HAL_PCD_EP_ClrStall
                0x08001d02       0x64 ./Drivers/STM32F1xx_HAL_Driver/Src/stm32f1xx_hal_pcd.o
                0x08001d02                HAL_PCD_EP_ClrStall
 .text.HAL_PCDEx_PMAConfig
                0x08001d66       0x32 ./Drivers/STM32F1xx_HAL_Driver/Src/stm32f1xx_hal_pcd_ex.o
                0x08001d66                HAL_PCDEx_PMAConfig
 .text.HAL_RCC_OscConfig
                0x08001d98      0x338 ./Drivers/STM32F1xx_HAL_Driver/Src/stm32f1xx_hal_rcc.o
                0x08001d98                HAL_RCC_OscConfig
 .text.HAL_RCC_GetSysClockFreq
                0x080020d0       0x4c ./Drivers/STM32F1xx_HAL_Driver/Src/stm32f1xx_hal_rcc.o
                0x080020d0                HAL_RCC_GetSysClockFreq
 .text.HAL_RCC_ClockConfig
                0x0800211c      0x138 ./Drivers/STM32F1xx_HAL_Driver/Src/stm32f1xx_hal_rcc.o
                0x0800211c                HAL_RCC_ClockConfig
 .text.HAL_RCCEx_PeriphCLKConfig
                0x08002254       0xf4 ./Drivers/STM32F1xx_HAL_Driver/Src/stm32f1xx_hal_rcc_ex.o
                0x08002254                HAL_RCCEx_PeriphCLKConfig
 .text.TIM_OC1_SetConfig
                0x08002348       0x50 ./Drivers/STM32F1xx_HAL_Driver/Src/stm32f1xx_hal_tim.o
 .text.TIM_OC3_SetConfig
                0x08002398       0x54 ./Drivers/STM32F1xx_HAL_Driver/Src/stm32f1xx_hal_tim.o
 .text.TIM_OC4_SetConfig
                0x080023ec       0x44 ./Drivers/STM32F1xx_HAL_Driver/Src/stm32f1xx_hal_tim.o
 .text.HAL_TIM_PWM_MspInit
                0x08002430        0x2 ./Drivers/STM32F1xx_HAL_Driver/Src/stm32f1xx_hal_tim.o
                0x08002430                HAL_TIM_PWM_MspInit
 *fill*         0x08002432        0x2 
 .text.TIM_Base_SetConfig
                0x08002434       0x64 ./Drivers/STM32F1xx_HAL_Driver/Src/stm32f1xx_hal_tim.o
                0x08002434                TIM_Base_SetConfig
 .text.HAL_TIM_Base_Init
                0x08002498       0x58 ./Drivers/STM32F1xx_HAL_Driver/Src/stm32f1xx_hal_tim.o
                0x08002498                HAL_TIM_Base_Init
 .text.HAL_TIM_PWM_Init
                0x080024f0       0x58 ./Drivers/STM32F1xx_HAL_Driver/Src/stm32f1xx_hal_tim.o
                0x080024f0                HAL_TIM_PWM_Init
 .text.TIM_OC2_SetConfig
                0x08002548       0x58 ./Drivers/STM32F1xx_HAL_Driver/Src/stm32f1xx_hal_tim.o
                0x08002548                TIM_OC2_SetConfig
 .text.HAL_TIM_PWM_ConfigChannel
                0x080025a0       0xb0 ./Drivers/STM32F1xx_HAL_Driver/Src/stm32f1xx_hal_tim.o
                0x080025a0                HAL_TIM_PWM_ConfigChannel
 .text.TIM_ETR_SetConfig
                0x08002650       0x14 ./Drivers/STM32F1xx_HAL_Driver/Src/stm32f1xx_hal_tim.o
                0x08002650                TIM_ETR_SetConfig
 .text.HAL_TIM_ConfigClockSource
                0x08002664      0x132 ./Drivers/STM32F1xx_HAL_Driver/Src/stm32f1xx_hal_tim.o
                0x08002664                HAL_TIM_ConfigClockSource
 .text.TIM_CCxChannelCmd
                0x08002796       0x1c ./Drivers/STM32F1xx_HAL_Driver/Src/stm32f1xx_hal_tim.o
                0x08002796                TIM_CCxChannelCmd
 *fill*         0x080027b2        0x2 
 .text.HAL_TIM_OC_Start
                0x080027b4       0x9c ./Drivers/STM32F1xx_HAL_Driver/Src/stm32f1xx_hal_tim.o
                0x080027b4                HAL_TIM_OC_Start
 .text.HAL_TIM_PWM_Start
                0x08002850        0x4 ./Drivers/STM32F1xx_HAL_Driver/Src/stm32f1xx_hal_tim.o
                0x08002850                HAL_TIM_PWM_Start
 .text.HAL_TIMEx_MasterConfigSynchronization
                0x08002854       0x5c ./Drivers/STM32F1xx_HAL_Driver/Src/stm32f1xx_hal_tim_ex.o
                0x08002854                HAL_TIMEx_MasterConfigSynchronization
 .text.USB_CoreInit
                0x080028b0        0xe ./Drivers/STM32F1xx_HAL_Driver/Src/stm32f1xx_ll_usb.o
                0x080028b0                USB_CoreInit
 .text.USB_EnableGlobalInt
                0x080028be       0x12 ./Drivers/STM32F1xx_HAL_Driver/Src/stm32f1xx_ll_usb.o
                0x080028be                USB_EnableGlobalInt
 .text.USB_DisableGlobalInt
                0x080028d0       0x14 ./Drivers/STM32F1xx_HAL_Driver/Src/stm32f1xx_ll_usb.o
                0x080028d0                USB_DisableGlobalInt
 .text.USB_SetCurrentMode
                0x080028e4        0x4 ./Drivers/STM32F1xx_HAL_Driver/Src/stm32f1xx_ll_usb.o
                0x080028e4                USB_SetCurrentMode
 .text.USB_DevInit
                0x080028e8       0x22 ./Drivers/STM32F1xx_HAL_Driver/Src/stm32f1xx_ll_usb.o
                0x080028e8                USB_DevInit
 *fill*         0x0800290a        0x2 
 .text.USB_ActivateEndpoint
                0x0800290c      0x2c0 ./Drivers/STM32F1xx_HAL_Driver/Src/stm32f1xx_ll_usb.o
                0x0800290c                USB_ActivateEndpoint
 .text.USB_DeactivateEndpoint
                0x08002bcc      0x1a6 ./Drivers/STM32F1xx_HAL_Driver/Src/stm32f1xx_ll_usb.o
                0x08002bcc                USB_DeactivateEndpoint
 .text.USB_EPSetStall
                0x08002d72       0x40 ./Drivers/STM32F1xx_HAL_Driver/Src/stm32f1xx_ll_usb.o
                0x08002d72                USB_EPSetStall
 .text.USB_EPClearStall
                0x08002db2       0x92 ./Drivers/STM32F1xx_HAL_Driver/Src/stm32f1xx_ll_usb.o
                0x08002db2                USB_EPClearStall
 .text.USB_SetDevAddress
                0x08002e44        0xc ./Drivers/STM32F1xx_HAL_Driver/Src/stm32f1xx_ll_usb.o
                0x08002e44                USB_SetDevAddress
 .text.USB_DevConnect
                0x08002e50        0x4 ./Drivers/STM32F1xx_HAL_Driver/Src/stm32f1xx_ll_usb.o
                0x08002e50                USB_DevConnect
 .text.USB_DevDisconnect
                0x08002e54        0x4 ./Drivers/STM32F1xx_HAL_Driver/Src/stm32f1xx_ll_usb.o
                0x08002e54                USB_DevDisconnect
 .text.USB_ReadInterrupts
                0x08002e58        0x8 ./Drivers/STM32F1xx_HAL_Driver/Src/stm32f1xx_ll_usb.o
                0x08002e58                USB_ReadInterrupts
 .text.USB_EP0_OutStart
                0x08002e60        0x4 ./Drivers/STM32F1xx_HAL_Driver/Src/stm32f1xx_ll_usb.o
                0x08002e60                USB_EP0_OutStart
 .text.USB_WritePMA
                0x08002e64       0x20 ./Drivers/STM32F1xx_HAL_Driver/Src/stm32f1xx_ll_usb.o
                0x08002e64                USB_WritePMA
 .text.USB_EPStartXfer
                0x08002e84      0x46a ./Drivers/STM32F1xx_HAL_Driver/Src/stm32f1xx_ll_usb.o
                0x08002e84                USB_EPStartXfer
 .text.USB_ReadPMA
                0x080032ee       0x38 ./Drivers/STM32F1xx_HAL_Driver/Src/stm32f1xx_ll_usb.o
                0x080032ee                USB_ReadPMA
 .text.USBD_CDC_EP0_RxReady
                0x08003326       0x28 ./Middlewares/ST/STM32_USB_Device_Library/Class/CDC/Src/usbd_cdc.o
 *fill*         0x0800334e        0x2 
 .text.USBD_CDC_GetFSCfgDesc
                0x08003350        0xc ./Middlewares/ST/STM32_USB_Device_Library/Class/CDC/Src/usbd_cdc.o
 .text.USBD_CDC_GetHSCfgDesc
                0x0800335c        0xc ./Middlewares/ST/STM32_USB_Device_Library/Class/CDC/Src/usbd_cdc.o
 .text.USBD_CDC_GetOtherSpeedCfgDesc
                0x08003368        0xc ./Middlewares/ST/STM32_USB_Device_Library/Class/CDC/Src/usbd_cdc.o
 .text.USBD_CDC_GetDeviceQualifierDescriptor
                0x08003374        0xc ./Middlewares/ST/STM32_USB_Device_Library/Class/CDC/Src/usbd_cdc.o
                0x08003374                USBD_CDC_GetDeviceQualifierDescriptor
 .text.USBD_CDC_DataOut
                0x08003380       0x2e ./Middlewares/ST/STM32_USB_Device_Library/Class/CDC/Src/usbd_cdc.o
 .text.USBD_CDC_DataIn
                0x080033ae       0x40 ./Middlewares/ST/STM32_USB_Device_Library/Class/CDC/Src/usbd_cdc.o
 .text.USBD_CDC_Setup
                0x080033ee       0xa2 ./Middlewares/ST/STM32_USB_Device_Library/Class/CDC/Src/usbd_cdc.o
 .text.USBD_CDC_DeInit
                0x08003490       0x42 ./Middlewares/ST/STM32_USB_Device_Library/Class/CDC/Src/usbd_cdc.o
 .text.USBD_CDC_Init
                0x080034d2       0x8c ./Middlewares/ST/STM32_USB_Device_Library/Class/CDC/Src/usbd_cdc.o
 .text.USBD_CDC_RegisterInterface
                0x0800355e        0xe ./Middlewares/ST/STM32_USB_Device_Library/Class/CDC/Src/usbd_cdc.o
                0x0800355e                USBD_CDC_RegisterInterface
 .text.USBD_CDC_SetTxBuffer
                0x0800356c       0x10 ./Middlewares/ST/STM32_USB_Device_Library/Class/CDC/Src/usbd_cdc.o
                0x0800356c                USBD_CDC_SetTxBuffer
 .text.USBD_CDC_SetRxBuffer
                0x0800357c        0xc ./Middlewares/ST/STM32_USB_Device_Library/Class/CDC/Src/usbd_cdc.o
                0x0800357c                USBD_CDC_SetRxBuffer
 .text.USBD_CDC_TransmitPacket
                0x08003588       0x32 ./Middlewares/ST/STM32_USB_Device_Library/Class/CDC/Src/usbd_cdc.o
                0x08003588                USBD_CDC_TransmitPacket
 .text.USBD_CDC_ReceivePacket
                0x080035ba       0x26 ./Middlewares/ST/STM32_USB_Device_Library/Class/CDC/Src/usbd_cdc.o
                0x080035ba                USBD_CDC_ReceivePacket
 .text.USBD_Init
                0x080035e0       0x2a ./Middlewares/ST/STM32_USB_Device_Library/Core/Src/usbd_core.o
                0x080035e0                USBD_Init
 .text.USBD_RegisterClass
                0x0800360a        0xe ./Middlewares/ST/STM32_USB_Device_Library/Core/Src/usbd_core.o
                0x0800360a                USBD_RegisterClass
 .text.USBD_Start
                0x08003618        0xa ./Middlewares/ST/STM32_USB_Device_Library/Core/Src/usbd_core.o
                0x08003618                USBD_Start
 .text.USBD_SetClassConfig
                0x08003622       0x1a ./Middlewares/ST/STM32_USB_Device_Library/Core/Src/usbd_core.o
                0x08003622                USBD_SetClassConfig
 .text.USBD_ClrClassConfig
                0x0800363c        0xe ./Middlewares/ST/STM32_USB_Device_Library/Core/Src/usbd_core.o
                0x0800363c                USBD_ClrClassConfig
 .text.USBD_LL_SetupStage
                0x0800364a       0x5a ./Middlewares/ST/STM32_USB_Device_Library/Core/Src/usbd_core.o
                0x0800364a                USBD_LL_SetupStage
 .text.USBD_LL_DataOutStage
                0x080036a4       0x70 ./Middlewares/ST/STM32_USB_Device_Library/Core/Src/usbd_core.o
                0x080036a4                USBD_LL_DataOutStage
 .text.USBD_LL_DataInStage
                0x08003714       0xb8 ./Middlewares/ST/STM32_USB_Device_Library/Core/Src/usbd_core.o
                0x08003714                USBD_LL_DataInStage
 .text.USBD_LL_Reset
                0x080037cc       0x4e ./Middlewares/ST/STM32_USB_Device_Library/Core/Src/usbd_core.o
                0x080037cc                USBD_LL_Reset
 .text.USBD_LL_SetSpeed
                0x0800381a        0x6 ./Middlewares/ST/STM32_USB_Device_Library/Core/Src/usbd_core.o
                0x0800381a                USBD_LL_SetSpeed
 .text.USBD_LL_Suspend
                0x08003820       0x12 ./Middlewares/ST/STM32_USB_Device_Library/Core/Src/usbd_core.o
                0x08003820                USBD_LL_Suspend
 .text.USBD_LL_Resume
                0x08003832       0x14 ./Middlewares/ST/STM32_USB_Device_Library/Core/Src/usbd_core.o
                0x08003832                USBD_LL_Resume
 .text.USBD_LL_SOF
                0x08003846       0x18 ./Middlewares/ST/STM32_USB_Device_Library/Core/Src/usbd_core.o
                0x08003846                USBD_LL_SOF
 .text.USBD_CtlError.constprop.0
                0x0800385e       0x16 ./Middlewares/ST/STM32_USB_Device_Library/Core/Src/usbd_ctlreq.o
 .text.USBD_StdDevReq
                0x08003874      0x290 ./Middlewares/ST/STM32_USB_Device_Library/Core/Src/usbd_ctlreq.o
                0x08003874                USBD_StdDevReq
 .text.USBD_StdItfReq
                0x08003b04       0x48 ./Middlewares/ST/STM32_USB_Device_Library/Core/Src/usbd_ctlreq.o
                0x08003b04                USBD_StdItfReq
 .text.USBD_StdEPReq
                0x08003b4c      0x118 ./Middlewares/ST/STM32_USB_Device_Library/Core/Src/usbd_ctlreq.o
                0x08003b4c                USBD_StdEPReq
 .text.USBD_ParseSetupRequest
                0x08003c64       0x16 ./Middlewares/ST/STM32_USB_Device_Library/Core/Src/usbd_ctlreq.o
                0x08003c64                USBD_ParseSetupRequest
 .text.USBD_CtlError
                0x08003c7a       0x16 ./Middlewares/ST/STM32_USB_Device_Library/Core/Src/usbd_ctlreq.o
                0x08003c7a                USBD_CtlError
 .text.USBD_GetString
                0x08003c90       0x38 ./Middlewares/ST/STM32_USB_Device_Library/Core/Src/usbd_ctlreq.o
                0x08003c90                USBD_GetString
 .text.USBD_CtlSendData
                0x08003cc8       0x1a ./Middlewares/ST/STM32_USB_Device_Library/Core/Src/usbd_ioreq.o
                0x08003cc8                USBD_CtlSendData
 .text.USBD_CtlContinueSendData
                0x08003ce2       0x10 ./Middlewares/ST/STM32_USB_Device_Library/Core/Src/usbd_ioreq.o
                0x08003ce2                USBD_CtlContinueSendData
 .text.USBD_CtlPrepareRx
                0x08003cf2       0x1a ./Middlewares/ST/STM32_USB_Device_Library/Core/Src/usbd_ioreq.o
                0x08003cf2                USBD_CtlPrepareRx
 .text.USBD_CtlContinueRx
                0x08003d0c       0x10 ./Middlewares/ST/STM32_USB_Device_Library/Core/Src/usbd_ioreq.o
                0x08003d0c                USBD_CtlContinueRx
 .text.USBD_CtlSendStatus
                0x08003d1c       0x16 ./Middlewares/ST/STM32_USB_Device_Library/Core/Src/usbd_ioreq.o
                0x08003d1c                USBD_CtlSendStatus
 .text.USBD_CtlReceiveStatus
                0x08003d32       0x16 ./Middlewares/ST/STM32_USB_Device_Library/Core/Src/usbd_ioreq.o
                0x08003d32                USBD_CtlReceiveStatus
 .text.MX_USB_DEVICE_Init
                0x08003d48       0x50 ./USB_DEVICE/App/usb_device.o
                0x08003d48                MX_USB_DEVICE_Init
 .text.CDC_DeInit_FS
                0x08003d98        0x4 ./USB_DEVICE/App/usbd_cdc_if.o
 .text.CDC_Control_FS
                0x08003d9c        0x4 ./USB_DEVICE/App/usbd_cdc_if.o
 .text.CDC_Receive_FS
                0x08003da0       0x28 ./USB_DEVICE/App/usbd_cdc_if.o
 .text.CDC_Init_FS
                0x08003dc8       0x28 ./USB_DEVICE/App/usbd_cdc_if.o
 .text.CDC_Transmit_FS
                0x08003df0       0x2c ./USB_DEVICE/App/usbd_cdc_if.o
                0x08003df0                CDC_Transmit_FS
 .text.USBD_FS_DeviceDescriptor
                0x08003e1c        0xc ./USB_DEVICE/App/usbd_desc.o
                0x08003e1c                USBD_FS_DeviceDescriptor
 .text.USBD_FS_LangIDStrDescriptor
                0x08003e28        0xc ./USB_DEVICE/App/usbd_desc.o
                0x08003e28                USBD_FS_LangIDStrDescriptor
 .text.IntToUnicode
                0x08003e34       0x2a ./USB_DEVICE/App/usbd_desc.o
 *fill*         0x08003e5e        0x2 
 .text.USBD_FS_SerialStrDescriptor
                0x08003e60       0x3c ./USB_DEVICE/App/usbd_desc.o
                0x08003e60                USBD_FS_SerialStrDescriptor
 .text.USBD_FS_ManufacturerStrDescriptor
                0x08003e9c       0x1c ./USB_DEVICE/App/usbd_desc.o
                0x08003e9c                USBD_FS_ManufacturerStrDescriptor
 .text.USBD_FS_ProductStrDescriptor
                0x08003eb8       0x1c ./USB_DEVICE/App/usbd_desc.o
                0x08003eb8                USBD_FS_ProductStrDescriptor
 .text.USBD_FS_ConfigStrDescriptor
                0x08003ed4       0x1c ./USB_DEVICE/App/usbd_desc.o
                0x08003ed4                USBD_FS_ConfigStrDescriptor
 .text.USBD_FS_InterfaceStrDescriptor
                0x08003ef0       0x1c ./USB_DEVICE/App/usbd_desc.o
                0x08003ef0                USBD_FS_InterfaceStrDescriptor
 .text.USBD_Get_USB_Status
                0x08003f0c        0xc ./USB_DEVICE/Target/usbd_conf.o
 .text.HAL_PCD_MspInit
                0x08003f18       0x40 ./USB_DEVICE/Target/usbd_conf.o
                0x08003f18                HAL_PCD_MspInit
 .text.HAL_PCD_SetupStageCallback
                0x08003f58        0xc ./USB_DEVICE/Target/usbd_conf.o
                0x08003f58                HAL_PCD_SetupStageCallback
 .text.HAL_PCD_DataOutStageCallback
                0x08003f64       0x12 ./USB_DEVICE/Target/usbd_conf.o
                0x08003f64                HAL_PCD_DataOutStageCallback
 .text.HAL_PCD_DataInStageCallback
                0x08003f76       0x10 ./USB_DEVICE/Target/usbd_conf.o
                0x08003f76                HAL_PCD_DataInStageCallback
 .text.HAL_PCD_SOFCallback
                0x08003f86        0x8 ./USB_DEVICE/Target/usbd_conf.o
                0x08003f86                HAL_PCD_SOFCallback
 .text.HAL_PCD_ResetCallback
                0x08003f8e       0x24 ./USB_DEVICE/Target/usbd_conf.o
                0x08003f8e                HAL_PCD_ResetCallback
 *fill*         0x08003fb2        0x2 
 .text.HAL_PCD_SuspendCallback
                0x08003fb4       0x20 ./USB_DEVICE/Target/usbd_conf.o
                0x08003fb4                HAL_PCD_SuspendCallback
 .text.HAL_PCD_ResumeCallback
                0x08003fd4        0x8 ./USB_DEVICE/Target/usbd_conf.o
                0x08003fd4                HAL_PCD_ResumeCallback
 .text.USBD_LL_Init
                0x08003fdc       0x80 ./USB_DEVICE/Target/usbd_conf.o
                0x08003fdc                USBD_LL_Init
 .text.USBD_LL_Start
                0x0800405c       0x12 ./USB_DEVICE/Target/usbd_conf.o
                0x0800405c                USBD_LL_Start
 .text.USBD_LL_OpenEP
                0x0800406e       0x18 ./USB_DEVICE/Target/usbd_conf.o
                0x0800406e                USBD_LL_OpenEP
 .text.USBD_LL_CloseEP
                0x08004086       0x12 ./USB_DEVICE/Target/usbd_conf.o
                0x08004086                USBD_LL_CloseEP
 .text.USBD_LL_StallEP
                0x08004098       0x12 ./USB_DEVICE/Target/usbd_conf.o
                0x08004098                USBD_LL_StallEP
 .text.USBD_LL_ClearStallEP
                0x080040aa       0x12 ./USB_DEVICE/Target/usbd_conf.o
                0x080040aa                USBD_LL_ClearStallEP
 .text.USBD_LL_IsStallEP
                0x080040bc       0x22 ./USB_DEVICE/Target/usbd_conf.o
                0x080040bc                USBD_LL_IsStallEP
 .text.USBD_LL_SetUSBAddress
                0x080040de       0x12 ./USB_DEVICE/Target/usbd_conf.o
                0x080040de                USBD_LL_SetUSBAddress
 .text.USBD_LL_Transmit
                0x080040f0       0x12 ./USB_DEVICE/Target/usbd_conf.o
                0x080040f0                USBD_LL_Transmit
 .text.USBD_LL_PrepareReceive
                0x08004102       0x12 ./USB_DEVICE/Target/usbd_conf.o
                0x08004102                USBD_LL_PrepareReceive
 .text.USBD_LL_GetRxDataSize
                0x08004114        0x8 ./USB_DEVICE/Target/usbd_conf.o
                0x08004114                USBD_LL_GetRxDataSize
 .text.USBD_static_malloc
                0x0800411c        0x8 ./USB_DEVICE/Target/usbd_conf.o
                0x0800411c                USBD_static_malloc
 .text.USBD_static_free
                0x08004124        0x2 ./USB_DEVICE/Target/usbd_conf.o
                0x08004124                USBD_static_free
 .text.HAL_PCDEx_SetConnectionState
                0x08004126        0x2 ./USB_DEVICE/Target/usbd_conf.o
                0x08004126                HAL_PCDEx_SetConnectionState
 .text.memset   0x08004128       0x10 C:/ST/STM32CubeIDE_1.18.1/STM32CubeIDE/plugins/com.st.stm32cube.ide.mcu.externaltools.gnu-tools-for-stm32.13.3.rel1.win32_1.0.0.202411081344/tools/bin/../lib/gcc/arm-none-eabi/13.3.1/../../../../arm-none-eabi/lib/thumb/v7-m/nofp\libc_nano.a(libc_a-memset.o)
                0x08004128                memset
 .text.__libc_init_array
                0x08004138       0x48 C:/ST/STM32CubeIDE_1.18.1/STM32CubeIDE/plugins/com.st.stm32cube.ide.mcu.externaltools.gnu-tools-for-stm32.13.3.rel1.win32_1.0.0.202411081344/tools/bin/../lib/gcc/arm-none-eabi/13.3.1/../../../../arm-none-eabi/lib/thumb/v7-m/nofp\libc_nano.a(libc_a-init.o)
                0x08004138                __libc_init_array
 *(.glue_7)
 .glue_7        0x08004180        0x0 linker stubs
 *(.glue_7t)
 .glue_7t       0x08004180        0x0 linker stubs
 *(.eh_frame)
 .eh_frame      0x08004180        0x0 C:/ST/STM32CubeIDE_1.18.1/STM32CubeIDE/plugins/com.st.stm32cube.ide.mcu.externaltools.gnu-tools-for-stm32.13.3.rel1.win32_1.0.0.202411081344/tools/bin/../lib/gcc/arm-none-eabi/13.3.1/thumb/v7-m/nofp/crtbegin.o
 *(.init)
 .init          0x08004180        0x4 C:/ST/STM32CubeIDE_1.18.1/STM32CubeIDE/plugins/com.st.stm32cube.ide.mcu.externaltools.gnu-tools-for-stm32.13.3.rel1.win32_1.0.0.202411081344/tools/bin/../lib/gcc/arm-none-eabi/13.3.1/thumb/v7-m/nofp/crti.o
                0x08004180                _init
 .init          0x08004184        0x8 C:/ST/STM32CubeIDE_1.18.1/STM32CubeIDE/plugins/com.st.stm32cube.ide.mcu.externaltools.gnu-tools-for-stm32.13.3.rel1.win32_1.0.0.202411081344/tools/bin/../lib/gcc/arm-none-eabi/13.3.1/thumb/v7-m/nofp/crtn.o
 *(.fini)
 .fini          0x0800418c        0x4 C:/ST/STM32CubeIDE_1.18.1/STM32CubeIDE/plugins/com.st.stm32cube.ide.mcu.externaltools.gnu-tools-for-stm32.13.3.rel1.win32_1.0.0.202411081344/tools/bin/../lib/gcc/arm-none-eabi/13.3.1/thumb/v7-m/nofp/crti.o
                0x0800418c                _fini
 .fini          0x08004190        0x8 C:/ST/STM32CubeIDE_1.18.1/STM32CubeIDE/plugins/com.st.stm32cube.ide.mcu.externaltools.gnu-tools-for-stm32.13.3.rel1.win32_1.0.0.202411081344/tools/bin/../lib/gcc/arm-none-eabi/13.3.1/thumb/v7-m/nofp/crtn.o
                0x08004198                        . = ALIGN (0x4)
                0x08004198                        _etext = .

.vfp11_veneer   0x08004198        0x0
 .vfp11_veneer  0x08004198        0x0 linker stubs

.v4_bx          0x08004198        0x0
 .v4_bx         0x08004198        0x0 linker stubs

.iplt           0x08004198        0x0
 .iplt          0x08004198        0x0 C:/ST/STM32CubeIDE_1.18.1/STM32CubeIDE/plugins/com.st.stm32cube.ide.mcu.externaltools.gnu-tools-for-stm32.13.3.rel1.win32_1.0.0.202411081344/tools/bin/../lib/gcc/arm-none-eabi/13.3.1/thumb/v7-m/nofp/crtbegin.o

.rodata         0x08004198       0x6c
                0x08004198                        . = ALIGN (0x4)
 *(.rodata)
 *(.rodata*)
 .rodata.My_USB_RxHandler.str1.1
                0x08004198       0x48 ./Core/Src/main.o
                                 0x12 (size before relaxing)
 .rodata.AHBPrescTable
                0x080041e0       0x10 ./Core/Src/system_stm32f1xx.o
                0x080041e0                AHBPrescTable
 .rodata.aPredivFactorTable.0
                0x080041f0        0x2 ./Drivers/STM32F1xx_HAL_Driver/Src/stm32f1xx_hal_rcc.o
 .rodata.aPLLMULFactorTable.1
                0x080041f2       0x10 ./Drivers/STM32F1xx_HAL_Driver/Src/stm32f1xx_hal_rcc.o
 .rodata.USBD_FS_ManufacturerStrDescriptor.str1.1
                0x08004202       0x10 ./USB_DEVICE/App/usbd_desc.o
 .rodata.USBD_FS_ProductStrDescriptor.str1.1
                0x08004202        0xd ./USB_DEVICE/App/usbd_desc.o
 .rodata.USBD_FS_ConfigStrDescriptor.str1.1
                0x08004202        0xb ./USB_DEVICE/App/usbd_desc.o
 .rodata.USBD_FS_InterfaceStrDescriptor.str1.1
                0x08004202        0xe ./USB_DEVICE/App/usbd_desc.o
                0x08004214                        . = ALIGN (0x4)
 *fill*         0x08004202        0x2 

.ARM.extab      0x08004204        0x0
                0x08004204                        . = ALIGN (0x4)
 *(.ARM.extab* .gnu.linkonce.armextab.*)
                0x08004204                        . = ALIGN (0x4)

.ARM            0x08004204        0x8
                0x08004204                        . = ALIGN (0x4)
                0x08004204                        __exidx_start = .
 *(.ARM.exidx*)
 .ARM.exidx     0x08004204        0x8 C:/ST/STM32CubeIDE_1.18.1/STM32CubeIDE/plugins/com.st.stm32cube.ide.mcu.externaltools.gnu-tools-for-stm32.13.3.rel1.win32_1.0.0.202411081344/tools/bin/../lib/gcc/arm-none-eabi/13.3.1/../../../../arm-none-eabi/lib/thumb/v7-m/nofp\libc_nano.a(libc_a-strcmp.o)
 .ARM.exidx     0x0800420c        0x0 C:/ST/STM32CubeIDE_1.18.1/STM32CubeIDE/plugins/com.st.stm32cube.ide.mcu.externaltools.gnu-tools-for-stm32.13.3.rel1.win32_1.0.0.202411081344/tools/bin/../lib/gcc/arm-none-eabi/13.3.1/../../../../arm-none-eabi/lib/thumb/v7-m/nofp\libc_nano.a(libc_a-strlen.o)
                                  0x8 (size before relaxing)
                0x0800420c                        __exidx_end = .
                0x0800420c                        . = ALIGN (0x4)

.preinit_array  0x0800420c        0x0
                0x0800420c                        . = ALIGN (0x4)
                0x0800420c                        PROVIDE (__preinit_array_start = .)
 *(.preinit_array*)
                0x0800420c                        PROVIDE (__preinit_array_end = .)
                0x0800420c                        . = ALIGN (0x4)

.init_array     0x0800420c        0x4
                0x0800420c                        . = ALIGN (0x4)
                0x0800420c                        PROVIDE (__init_array_start = .)
 *(SORT_BY_NAME(.init_array.*))
 *(.init_array*)
 .init_array    0x0800420c        0x4 C:/ST/STM32CubeIDE_1.18.1/STM32CubeIDE/plugins/com.st.stm32cube.ide.mcu.externaltools.gnu-tools-for-stm32.13.3.rel1.win32_1.0.0.202411081344/tools/bin/../lib/gcc/arm-none-eabi/13.3.1/thumb/v7-m/nofp/crtbegin.o
                0x08004210                        PROVIDE (__init_array_end = .)
                0x08004210                        . = ALIGN (0x4)

.fini_array     0x08004210        0x4
                0x08004210                        . = ALIGN (0x4)
                [!provide]                        PROVIDE (__fini_array_start = .)
 *(SORT_BY_NAME(.fini_array.*))
 *(.fini_array*)
 .fini_array    0x08004210        0x4 C:/ST/STM32CubeIDE_1.18.1/STM32CubeIDE/plugins/com.st.stm32cube.ide.mcu.externaltools.gnu-tools-for-stm32.13.3.rel1.win32_1.0.0.202411081344/tools/bin/../lib/gcc/arm-none-eabi/13.3.1/thumb/v7-m/nofp/crtbegin.o
                [!provide]                        PROVIDE (__fini_array_end = .)
                0x08004214                        . = ALIGN (0x4)
                0x08004214                        _sidata = LOADADDR (.data)

.rel.dyn        0x08004214        0x0
 .rel.iplt      0x08004214        0x0 C:/ST/STM32CubeIDE_1.18.1/STM32CubeIDE/plugins/com.st.stm32cube.ide.mcu.externaltools.gnu-tools-for-stm32.13.3.rel1.win32_1.0.0.202411081344/tools/bin/../lib/gcc/arm-none-eabi/13.3.1/thumb/v7-m/nofp/crtbegin.o

.data           0x20000000      0x17c load address 0x08004214
                0x20000000                        . = ALIGN (0x4)
                0x20000000                        _sdata = .
 *(.data)
 *(.data*)
 .data.SystemCoreClock
                0x20000000        0x4 ./Core/Src/system_stm32f1xx.o
                0x20000000                SystemCoreClock
 .data.uwTickFreq
                0x20000004        0x1 ./Drivers/STM32F1xx_HAL_Driver/Src/stm32f1xx_hal.o
                0x20000004                uwTickFreq
 *fill*         0x20000005        0x3 
 .data.uwTickPrio
                0x20000008        0x4 ./Drivers/STM32F1xx_HAL_Driver/Src/stm32f1xx_hal.o
                0x20000008                uwTickPrio
 .data.USBD_CDC_OtherSpeedCfgDesc
                0x2000000c       0x43 ./Middlewares/ST/STM32_USB_Device_Library/Class/CDC/Src/usbd_cdc.o
                0x2000000c                USBD_CDC_OtherSpeedCfgDesc
 *fill*         0x2000004f        0x1 
 .data.USBD_CDC_CfgFSDesc
                0x20000050       0x43 ./Middlewares/ST/STM32_USB_Device_Library/Class/CDC/Src/usbd_cdc.o
                0x20000050                USBD_CDC_CfgFSDesc
 *fill*         0x20000093        0x1 
 .data.USBD_CDC_CfgHSDesc
                0x20000094       0x43 ./Middlewares/ST/STM32_USB_Device_Library/Class/CDC/Src/usbd_cdc.o
                0x20000094                USBD_CDC_CfgHSDesc
 *fill*         0x200000d7        0x1 
 .data.USBD_CDC
                0x200000d8       0x38 ./Middlewares/ST/STM32_USB_Device_Library/Class/CDC/Src/usbd_cdc.o
                0x200000d8                USBD_CDC
 .data.USBD_CDC_DeviceQualifierDesc
                0x20000110        0xa ./Middlewares/ST/STM32_USB_Device_Library/Class/CDC/Src/usbd_cdc.o
 *fill*         0x2000011a        0x2 
 .data.USBD_Interface_fops_FS
                0x2000011c       0x10 ./USB_DEVICE/App/usbd_cdc_if.o
                0x2000011c                USBD_Interface_fops_FS
 .data.USBD_StringSerial
                0x2000012c       0x1a ./USB_DEVICE/App/usbd_desc.o
                0x2000012c                USBD_StringSerial
 *fill*         0x20000146        0x2 
 .data.USBD_LangIDDesc
                0x20000148        0x4 ./USB_DEVICE/App/usbd_desc.o
                0x20000148                USBD_LangIDDesc
 .data.USBD_FS_DeviceDesc
                0x2000014c       0x12 ./USB_DEVICE/App/usbd_desc.o
                0x2000014c                USBD_FS_DeviceDesc
 *fill*         0x2000015e        0x2 
 .data.FS_Desc  0x20000160       0x1c ./USB_DEVICE/App/usbd_desc.o
                0x20000160                FS_Desc
 *(.RamFunc)
 *(.RamFunc*)
                0x2000017c                        . = ALIGN (0x4)
                0x2000017c                        _edata = .

.igot.plt       0x2000017c        0x0 load address 0x08004390
 .igot.plt      0x2000017c        0x0 C:/ST/STM32CubeIDE_1.18.1/STM32CubeIDE/plugins/com.st.stm32cube.ide.mcu.externaltools.gnu-tools-for-stm32.13.3.rel1.win32_1.0.0.202411081344/tools/bin/../lib/gcc/arm-none-eabi/13.3.1/thumb/v7-m/nofp/crtbegin.o

.adc_buffer     0x2000017c     0x2c08 load address 0x08004390
                0x2000017c                        . = ALIGN (0x4)
 *(.adc_buffer)
 .adc_buffer    0x2000017c     0x2c08 ./Core/Src/main.o
                0x2000017c                elapsed_time
                0x20000180                start_time
                0x20000184                buffer
                0x20000584                adc_buffer
                0x20002d84                        . = ALIGN (0x4)
                0x20002d84                        . = ALIGN (0x4)

.bss            0x20002d84      0xee0 load address 0x08006f98
                0x20002d84                        _sbss = .
                0x20002d84                        __bss_start__ = _sbss
 *(.bss)
 .bss           0x20002d84       0x1c C:/ST/STM32CubeIDE_1.18.1/STM32CubeIDE/plugins/com.st.stm32cube.ide.mcu.externaltools.gnu-tools-for-stm32.13.3.rel1.win32_1.0.0.202411081344/tools/bin/../lib/gcc/arm-none-eabi/13.3.1/thumb/v7-m/nofp/crtbegin.o
 *(.bss*)
 .bss.usb_write
                0x20002da0        0x1 ./Core/Src/main.o
                0x20002da0                usb_write
 .bss.adc_flag  0x20002da1        0x1 ./Core/Src/main.o
                0x20002da1                adc_flag
 *fill*         0x20002da2        0x2 
 .bss.htim4     0x20002da4       0x48 ./Core/Src/main.o
                0x20002da4                htim4
 .bss.hdma_adc1
                0x20002dec       0x44 ./Core/Src/main.o
                0x20002dec                hdma_adc1
 .bss.hadc1     0x20002e30       0x30 ./Core/Src/main.o
                0x20002e30                hadc1
 .bss.uwTick    0x20002e60        0x4 ./Drivers/STM32F1xx_HAL_Driver/Src/stm32f1xx_hal.o
                0x20002e60                uwTick
 .bss.cfgidx.0  0x20002e64        0x1 ./Middlewares/ST/STM32_USB_Device_Library/Core/Src/usbd_ctlreq.o
 *fill*         0x20002e65        0x3 
 .bss.hUsbDeviceFS
                0x20002e68      0x2c4 ./USB_DEVICE/App/usb_device.o
                0x20002e68                hUsbDeviceFS
 .bss.UserTxBufferFS
                0x2000312c      0x400 ./USB_DEVICE/App/usbd_cdc_if.o
                0x2000312c                UserTxBufferFS
 .bss.UserRxBufferFS
                0x2000352c       0x40 ./USB_DEVICE/App/usbd_cdc_if.o
                0x2000352c                UserRxBufferFS
 .bss.USBD_StrDesc
                0x2000356c      0x200 ./USB_DEVICE/App/usbd_desc.o
                0x2000356c                USBD_StrDesc
 .bss.mem.0     0x2000376c      0x220 ./USB_DEVICE/Target/usbd_conf.o
 .bss.hpcd_USB_FS
                0x2000398c      0x2d8 ./USB_DEVICE/Target/usbd_conf.o
                0x2000398c                hpcd_USB_FS
 *(COMMON)
                0x20003c64                        . = ALIGN (0x4)
                0x20003c64                        _ebss = .
                0x20003c64                        __bss_end__ = _ebss

._user_heap_stack
                0x20003c64      0x604 load address 0x08006f98
                0x20003c68                        . = ALIGN (0x8)
 *fill*         0x20003c64        0x4 
                [!provide]                        PROVIDE (end = .)
                0x20003c68                        PROVIDE (_end = .)
                0x20003e68                        . = (. + _Min_Heap_Size)
 *fill*         0x20003c68      0x200 
                0x20004268                        . = (. + _Min_Stack_Size)
 *fill*         0x20003e68      0x400 
                0x20004268                        . = ALIGN (0x8)

/DISCARD/
 libc.a(*)
 libm.a(*)
 libgcc.a(*)

.ARM.attributes
                0x00000000       0x29
 *(.ARM.attributes)
 .ARM.attributes
                0x00000000       0x1d C:/ST/STM32CubeIDE_1.18.1/STM32CubeIDE/plugins/com.st.stm32cube.ide.mcu.externaltools.gnu-tools-for-stm32.13.3.rel1.win32_1.0.0.202411081344/tools/bin/../lib/gcc/arm-none-eabi/13.3.1/thumb/v7-m/nofp/crti.o
 .ARM.attributes
                0x0000001d       0x2d C:/ST/STM32CubeIDE_1.18.1/STM32CubeIDE/plugins/com.st.stm32cube.ide.mcu.externaltools.gnu-tools-for-stm32.13.3.rel1.win32_1.0.0.202411081344/tools/bin/../lib/gcc/arm-none-eabi/13.3.1/thumb/v7-m/nofp/crtbegin.o
 .ARM.attributes
                0x0000004a       0x2d ./Core/Src/main.o
 .ARM.attributes
                0x00000077       0x2d ./Core/Src/stm32f1xx_hal_msp.o
 .ARM.attributes
                0x000000a4       0x2d ./Core/Src/stm32f1xx_it.o
 .ARM.attributes
                0x000000d1       0x2d ./Core/Src/system_stm32f1xx.o
 .ARM.attributes
                0x000000fe       0x21 ./Core/Startup/startup_stm32f103c8tx.o
 .ARM.attributes
                0x0000011f       0x2d ./Drivers/STM32F1xx_HAL_Driver/Src/stm32f1xx_hal.o
 .ARM.attributes
                0x0000014c       0x2d ./Drivers/STM32F1xx_HAL_Driver/Src/stm32f1xx_hal_adc.o
 .ARM.attributes
                0x00000179       0x2d ./Drivers/STM32F1xx_HAL_Driver/Src/stm32f1xx_hal_cortex.o
 .ARM.attributes
                0x000001a6       0x2d ./Drivers/STM32F1xx_HAL_Driver/Src/stm32f1xx_hal_dma.o
 .ARM.attributes
                0x000001d3       0x2d ./Drivers/STM32F1xx_HAL_Driver/Src/stm32f1xx_hal_gpio.o
 .ARM.attributes
                0x00000200       0x2d ./Drivers/STM32F1xx_HAL_Driver/Src/stm32f1xx_hal_pcd.o
 .ARM.attributes
                0x0000022d       0x2d ./Drivers/STM32F1xx_HAL_Driver/Src/stm32f1xx_hal_pcd_ex.o
 .ARM.attributes
                0x0000025a       0x2d ./Drivers/STM32F1xx_HAL_Driver/Src/stm32f1xx_hal_rcc.o
 .ARM.attributes
                0x00000287       0x2d ./Drivers/STM32F1xx_HAL_Driver/Src/stm32f1xx_hal_rcc_ex.o
 .ARM.attributes
                0x000002b4       0x2d ./Drivers/STM32F1xx_HAL_Driver/Src/stm32f1xx_hal_tim.o
 .ARM.attributes
                0x000002e1       0x2d ./Drivers/STM32F1xx_HAL_Driver/Src/stm32f1xx_hal_tim_ex.o
 .ARM.attributes
                0x0000030e       0x2d ./Drivers/STM32F1xx_HAL_Driver/Src/stm32f1xx_ll_usb.o
 .ARM.attributes
                0x0000033b       0x2d ./Middlewares/ST/STM32_USB_Device_Library/Class/CDC/Src/usbd_cdc.o
 .ARM.attributes
                0x00000368       0x2d ./Middlewares/ST/STM32_USB_Device_Library/Core/Src/usbd_core.o
 .ARM.attributes
                0x00000395       0x2d ./Middlewares/ST/STM32_USB_Device_Library/Core/Src/usbd_ctlreq.o
 .ARM.attributes
                0x000003c2       0x2d ./Middlewares/ST/STM32_USB_Device_Library/Core/Src/usbd_ioreq.o
 .ARM.attributes
                0x000003ef       0x2d ./USB_DEVICE/App/usb_device.o
 .ARM.attributes
                0x0000041c       0x2d ./USB_DEVICE/App/usbd_cdc_if.o
 .ARM.attributes
                0x00000449       0x2d ./USB_DEVICE/App/usbd_desc.o
 .ARM.attributes
                0x00000476       0x2d ./USB_DEVICE/Target/usbd_conf.o
 .ARM.attributes
                0x000004a3       0x2d C:/ST/STM32CubeIDE_1.18.1/STM32CubeIDE/plugins/com.st.stm32cube.ide.mcu.externaltools.gnu-tools-for-stm32.13.3.rel1.win32_1.0.0.202411081344/tools/bin/../lib/gcc/arm-none-eabi/13.3.1/../../../../arm-none-eabi/lib/thumb/v7-m/nofp\libc_nano.a(libc_a-memset.o)
 .ARM.attributes
                0x000004d0       0x2d C:/ST/STM32CubeIDE_1.18.1/STM32CubeIDE/plugins/com.st.stm32cube.ide.mcu.externaltools.gnu-tools-for-stm32.13.3.rel1.win32_1.0.0.202411081344/tools/bin/../lib/gcc/arm-none-eabi/13.3.1/../../../../arm-none-eabi/lib/thumb/v7-m/nofp\libc_nano.a(libc_a-init.o)
 .ARM.attributes
                0x000004fd       0x1b C:/ST/STM32CubeIDE_1.18.1/STM32CubeIDE/plugins/com.st.stm32cube.ide.mcu.externaltools.gnu-tools-for-stm32.13.3.rel1.win32_1.0.0.202411081344/tools/bin/../lib/gcc/arm-none-eabi/13.3.1/../../../../arm-none-eabi/lib/thumb/v7-m/nofp\libc_nano.a(libc_a-strcmp.o)
 .ARM.attributes
                0x00000518       0x17 C:/ST/STM32CubeIDE_1.18.1/STM32CubeIDE/plugins/com.st.stm32cube.ide.mcu.externaltools.gnu-tools-for-stm32.13.3.rel1.win32_1.0.0.202411081344/tools/bin/../lib/gcc/arm-none-eabi/13.3.1/../../../../arm-none-eabi/lib/thumb/v7-m/nofp\libc_nano.a(libc_a-strlen.o)
 .ARM.attributes
                0x0000052f       0x1d C:/ST/STM32CubeIDE_1.18.1/STM32CubeIDE/plugins/com.st.stm32cube.ide.mcu.externaltools.gnu-tools-for-stm32.13.3.rel1.win32_1.0.0.202411081344/tools/bin/../lib/gcc/arm-none-eabi/13.3.1/thumb/v7-m/nofp/crtn.o
OUTPUT(OpenWave_V0.1.elf elf32-littlearm)
LOAD linker stubs
LOAD C:/ST/STM32CubeIDE_1.18.1/STM32CubeIDE/plugins/com.st.stm32cube.ide.mcu.externaltools.gnu-tools-for-stm32.13.3.rel1.win32_1.0.0.202411081344/tools/bin/../lib/gcc/arm-none-eabi/13.3.1/../../../../arm-none-eabi/lib/thumb/v7-m/nofp\libc.a
LOAD C:/ST/STM32CubeIDE_1.18.1/STM32CubeIDE/plugins/com.st.stm32cube.ide.mcu.externaltools.gnu-tools-for-stm32.13.3.rel1.win32_1.0.0.202411081344/tools/bin/../lib/gcc/arm-none-eabi/13.3.1/../../../../arm-none-eabi/lib/thumb/v7-m/nofp\libm.a
LOAD C:/ST/STM32CubeIDE_1.18.1/STM32CubeIDE/plugins/com.st.stm32cube.ide.mcu.externaltools.gnu-tools-for-stm32.13.3.rel1.win32_1.0.0.202411081344/tools/bin/../lib/gcc/arm-none-eabi/13.3.1/thumb/v7-m/nofp\libgcc.a

.comment        0x00000000       0x43
 .comment       0x00000000       0x43 ./Core/Src/main.o
                                 0x44 (size before relaxing)
 .comment       0x00000043       0x44 ./Core/Src/stm32f1xx_hal_msp.o
 .comment       0x00000043       0x44 ./Core/Src/stm32f1xx_it.o
 .comment       0x00000043       0x44 ./Core/Src/system_stm32f1xx.o
 .comment       0x00000043       0x44 ./Drivers/STM32F1xx_HAL_Driver/Src/stm32f1xx_hal.o
 .comment       0x00000043       0x44 ./Drivers/STM32F1xx_HAL_Driver/Src/stm32f1xx_hal_adc.o
 .comment       0x00000043       0x44 ./Drivers/STM32F1xx_HAL_Driver/Src/stm32f1xx_hal_cortex.o
 .comment       0x00000043       0x44 ./Drivers/STM32F1xx_HAL_Driver/Src/stm32f1xx_hal_dma.o
 .comment       0x00000043       0x44 ./Drivers/STM32F1xx_HAL_Driver/Src/stm32f1xx_hal_gpio.o
 .comment       0x00000043       0x44 ./Drivers/STM32F1xx_HAL_Driver/Src/stm32f1xx_hal_pcd.o
 .comment       0x00000043       0x44 ./Drivers/STM32F1xx_HAL_Driver/Src/stm32f1xx_hal_pcd_ex.o
 .comment       0x00000043       0x44 ./Drivers/STM32F1xx_HAL_Driver/Src/stm32f1xx_hal_rcc.o
 .comment       0x00000043       0x44 ./Drivers/STM32F1xx_HAL_Driver/Src/stm32f1xx_hal_rcc_ex.o
 .comment       0x00000043       0x44 ./Drivers/STM32F1xx_HAL_Driver/Src/stm32f1xx_hal_tim.o
 .comment       0x00000043       0x44 ./Drivers/STM32F1xx_HAL_Driver/Src/stm32f1xx_hal_tim_ex.o
 .comment       0x00000043       0x44 ./Drivers/STM32F1xx_HAL_Driver/Src/stm32f1xx_ll_usb.o
 .comment       0x00000043       0x44 ./Middlewares/ST/STM32_USB_Device_Library/Class/CDC/Src/usbd_cdc.o
 .comment       0x00000043       0x44 ./Middlewares/ST/STM32_USB_Device_Library/Core/Src/usbd_core.o
 .comment       0x00000043       0x44 ./Middlewares/ST/STM32_USB_Device_Library/Core/Src/usbd_ctlreq.o
 .comment       0x00000043       0x44 ./Middlewares/ST/STM32_USB_Device_Library/Core/Src/usbd_ioreq.o
 .comment       0x00000043       0x44 ./USB_DEVICE/App/usb_device.o
 .comment       0x00000043       0x44 ./USB_DEVICE/App/usbd_cdc_if.o
 .comment       0x00000043       0x44 ./USB_DEVICE/App/usbd_desc.o
 .comment       0x00000043       0x44 ./USB_DEVICE/Target/usbd_conf.o

.debug_frame    0x00000000       0x6c
 .debug_frame   0x00000000       0x20 C:/ST/STM32CubeIDE_1.18.1/STM32CubeIDE/plugins/com.st.stm32cube.ide.mcu.externaltools.gnu-tools-for-stm32.13.3.rel1.win32_1.0.0.202411081344/tools/bin/../lib/gcc/arm-none-eabi/13.3.1/../../../../arm-none-eabi/lib/thumb/v7-m/nofp\libc_nano.a(libc_a-memset.o)
 .debug_frame   0x00000020       0x2c C:/ST/STM32CubeIDE_1.18.1/STM32CubeIDE/plugins/com.st.stm32cube.ide.mcu.externaltools.gnu-tools-for-stm32.13.3.rel1.win32_1.0.0.202411081344/tools/bin/../lib/gcc/arm-none-eabi/13.3.1/../../../../arm-none-eabi/lib/thumb/v7-m/nofp\libc_nano.a(libc_a-init.o)
 .debug_frame   0x0000004c       0x20 C:/ST/STM32CubeIDE_1.18.1/STM32CubeIDE/plugins/com.st.stm32cube.ide.mcu.externaltools.gnu-tools-for-stm32.13.3.rel1.win32_1.0.0.202411081344/tools/bin/../lib/gcc/arm-none-eabi/13.3.1/../../../../arm-none-eabi/lib/thumb/v7-m/nofp\libc_nano.a(libc_a-strcmp.o)
