../Core/Src/main.c:82:6:send_adc_data	16	static
../Core/Src/main.c:106:6:HAL_ADC_ConvCpltCallback	0	static
../Core/Src/main.c:111:6:My_USB_RxHandler	8	static
../Core/Src/main.c:127:6:DWT_Init	0	static
../Core/Src/main.c:134:10:DWT_GetMicros	0	static
../Core/Src/main.c:139:10:DWT_GetDeltaMicros	8	static
../Core/Src/main.c:233:6:SystemClock_Config	88	static,ignoring_inline_asm
../Core/Src/main.c:158:5:main	104	static,ignoring_inline_asm
../Core/Src/main.c:439:6:Error_Handler	0	static,ignoring_inline_asm
